Archive member included to satisfy reference by file (symbol)

/Applications/STM32CubeIDE.app/Contents/Eclipse/plugins/com.st.stm32cube.ide.mcu.externaltools.gnu-tools-for-stm32.10.3-2021.10.macos64_1.0.0.202111181127/tools/bin/../lib/gcc/arm-none-eabi/10.3.1/../../../../arm-none-eabi/lib/thumb/v7e-m/nofp/libc_nano.a(lib_a-errno.o)
                              ./Src/syscalls.o (__errno)
/Applications/STM32CubeIDE.app/Contents/Eclipse/plugins/com.st.stm32cube.ide.mcu.externaltools.gnu-tools-for-stm32.10.3-2021.10.macos64_1.0.0.202111181127/tools/bin/../lib/gcc/arm-none-eabi/10.3.1/../../../../arm-none-eabi/lib/thumb/v7e-m/nofp/libc_nano.a(lib_a-exit.o)
                              /Applications/STM32CubeIDE.app/Contents/Eclipse/plugins/com.st.stm32cube.ide.mcu.externaltools.gnu-tools-for-stm32.10.3-2021.10.macos64_1.0.0.202111181127/tools/bin/../lib/gcc/arm-none-eabi/10.3.1/../../../../arm-none-eabi/lib/thumb/v7e-m/nofp/crt0.o (exit)
/Applications/STM32CubeIDE.app/Contents/Eclipse/plugins/com.st.stm32cube.ide.mcu.externaltools.gnu-tools-for-stm32.10.3-2021.10.macos64_1.0.0.202111181127/tools/bin/../lib/gcc/arm-none-eabi/10.3.1/../../../../arm-none-eabi/lib/thumb/v7e-m/nofp/libc_nano.a(lib_a-impure.o)
                              /Applications/STM32CubeIDE.app/Contents/Eclipse/plugins/com.st.stm32cube.ide.mcu.externaltools.gnu-tools-for-stm32.10.3-2021.10.macos64_1.0.0.202111181127/tools/bin/../lib/gcc/arm-none-eabi/10.3.1/../../../../arm-none-eabi/lib/thumb/v7e-m/nofp/libc_nano.a(lib_a-exit.o) (_global_impure_ptr)
/Applications/STM32CubeIDE.app/Contents/Eclipse/plugins/com.st.stm32cube.ide.mcu.externaltools.gnu-tools-for-stm32.10.3-2021.10.macos64_1.0.0.202111181127/tools/bin/../lib/gcc/arm-none-eabi/10.3.1/../../../../arm-none-eabi/lib/thumb/v7e-m/nofp/libc_nano.a(lib_a-init.o)
                              /Applications/STM32CubeIDE.app/Contents/Eclipse/plugins/com.st.stm32cube.ide.mcu.externaltools.gnu-tools-for-stm32.10.3-2021.10.macos64_1.0.0.202111181127/tools/bin/../lib/gcc/arm-none-eabi/10.3.1/../../../../arm-none-eabi/lib/thumb/v7e-m/nofp/crt0.o (__libc_init_array)
/Applications/STM32CubeIDE.app/Contents/Eclipse/plugins/com.st.stm32cube.ide.mcu.externaltools.gnu-tools-for-stm32.10.3-2021.10.macos64_1.0.0.202111181127/tools/bin/../lib/gcc/arm-none-eabi/10.3.1/../../../../arm-none-eabi/lib/thumb/v7e-m/nofp/libc_nano.a(lib_a-memset.o)
                              /Applications/STM32CubeIDE.app/Contents/Eclipse/plugins/com.st.stm32cube.ide.mcu.externaltools.gnu-tools-for-stm32.10.3-2021.10.macos64_1.0.0.202111181127/tools/bin/../lib/gcc/arm-none-eabi/10.3.1/../../../../arm-none-eabi/lib/thumb/v7e-m/nofp/crt0.o (memset)
/Applications/STM32CubeIDE.app/Contents/Eclipse/plugins/com.st.stm32cube.ide.mcu.externaltools.gnu-tools-for-stm32.10.3-2021.10.macos64_1.0.0.202111181127/tools/bin/../lib/gcc/arm-none-eabi/10.3.1/../../../../arm-none-eabi/lib/thumb/v7e-m/nofp/libc_nano.a(lib_a-puts.o)
                              ./Src/018_RTC_LCD.o (puts)
/Applications/STM32CubeIDE.app/Contents/Eclipse/plugins/com.st.stm32cube.ide.mcu.externaltools.gnu-tools-for-stm32.10.3-2021.10.macos64_1.0.0.202111181127/tools/bin/../lib/gcc/arm-none-eabi/10.3.1/../../../../arm-none-eabi/lib/thumb/v7e-m/nofp/libc_nano.a(lib_a-wbuf.o)
                              /Applications/STM32CubeIDE.app/Contents/Eclipse/plugins/com.st.stm32cube.ide.mcu.externaltools.gnu-tools-for-stm32.10.3-2021.10.macos64_1.0.0.202111181127/tools/bin/../lib/gcc/arm-none-eabi/10.3.1/../../../../arm-none-eabi/lib/thumb/v7e-m/nofp/libc_nano.a(lib_a-puts.o) (__swbuf_r)
/Applications/STM32CubeIDE.app/Contents/Eclipse/plugins/com.st.stm32cube.ide.mcu.externaltools.gnu-tools-for-stm32.10.3-2021.10.macos64_1.0.0.202111181127/tools/bin/../lib/gcc/arm-none-eabi/10.3.1/../../../../arm-none-eabi/lib/thumb/v7e-m/nofp/libc_nano.a(lib_a-wsetup.o)
                              /Applications/STM32CubeIDE.app/Contents/Eclipse/plugins/com.st.stm32cube.ide.mcu.externaltools.gnu-tools-for-stm32.10.3-2021.10.macos64_1.0.0.202111181127/tools/bin/../lib/gcc/arm-none-eabi/10.3.1/../../../../arm-none-eabi/lib/thumb/v7e-m/nofp/libc_nano.a(lib_a-puts.o) (__swsetup_r)
/Applications/STM32CubeIDE.app/Contents/Eclipse/plugins/com.st.stm32cube.ide.mcu.externaltools.gnu-tools-for-stm32.10.3-2021.10.macos64_1.0.0.202111181127/tools/bin/../lib/gcc/arm-none-eabi/10.3.1/../../../../arm-none-eabi/lib/thumb/v7e-m/nofp/libc_nano.a(lib_a-fflush.o)
                              /Applications/STM32CubeIDE.app/Contents/Eclipse/plugins/com.st.stm32cube.ide.mcu.externaltools.gnu-tools-for-stm32.10.3-2021.10.macos64_1.0.0.202111181127/tools/bin/../lib/gcc/arm-none-eabi/10.3.1/../../../../arm-none-eabi/lib/thumb/v7e-m/nofp/libc_nano.a(lib_a-wbuf.o) (_fflush_r)
[...]
Memory Configuration

Name             Origin             Length             Attributes
RAM              0x0000000020000000 0x0000000000020000 xrw
FLASH            0x0000000008000000 0x0000000000080000 xr
*default*        0x0000000000000000 0xffffffffffffffff

Linker script and memory map

LOAD /Applications/STM32CubeIDE.app/Contents/Eclipse/plugins/com.st.stm32cube.ide.mcu.externaltools.gnu-tools-for-stm32.10.3-2021.10.macos64_1.0.0.202111181127/tools/bin/../lib/gcc/arm-none-eabi/10.3.1/thumb/v7e-m/nofp/crti.o
LOAD /Applications/STM32CubeIDE.app/Contents/Eclipse/plugins/com.st.stm32cube.ide.mcu.externaltools.gnu-tools-for-stm32.10.3-2021.10.macos64_1.0.0.202111181127/tools/bin/../lib/gcc/arm-none-eabi/10.3.1/thumb/v7e-m/nofp/crtbegin.o
LOAD /Applications/STM32CubeIDE.app/Contents/Eclipse/plugins/com.st.stm32cube.ide.mcu.externaltools.gnu-tools-for-stm32.10.3-2021.10.macos64_1.0.0.202111181127/tools/bin/../lib/gcc/arm-none-eabi/10.3.1/../../../../arm-none-eabi/lib/thumb/v7e-m/nofp/crt0.o
LOAD ./Src/018_RTC_LCD.o
LOAD ./Src/syscalls.o
LOAD ./Src/sysmem.o
LOAD ./Startup/startup_stm32f446retx.o
LOAD ./bsp/ds1307.o
LOAD ./bsp/lcd.o
LOAD ./drivers/Src/stm32f446xx_gpio_driver.o
LOAD ./drivers/Src/stm32f446xx_i2c_driver.o
LOAD ./drivers/Src/stm32f446xx_spi_driver.o
LOAD ./drivers/Src/stm32f446xx_usart_driver.o
LOAD ./drivers/Src/stm32f466xx_rcc_driver.o
START GROUP
LOAD /Applications/STM32CubeIDE.app/Contents/Eclipse/plugins/com.st.stm32cube.ide.mcu.externaltools.gnu-tools-for-stm32.10.3-2021.10.macos64_1.0.0.202111181127/tools/bin/../lib/gcc/arm-none-eabi/10.3.1/../../../../arm-none-eabi/lib/thumb/v7e-m/nofp/libc_nano.a
LOAD /Applications/STM32CubeIDE.app/Contents/Eclipse/plugins/com.st.stm32cube.ide.mcu.externaltools.gnu-tools-for-stm32.10.3-2021.10.macos64_1.0.0.202111181127/tools/bin/../lib/gcc/arm-none-eabi/10.3.1/../../../../arm-none-eabi/lib/thumb/v7e-m/nofp/libm.a
END GROUP
START GROUP
LOAD /Applications/STM32CubeIDE.app/Contents/Eclipse/plugins/com.st.stm32cube.ide.mcu.externaltools.gnu-tools-for-stm32.10.3-2021.10.macos64_1.0.0.202111181127/tools/bin/../lib/gcc/arm-none-eabi/10.3.1/thumb/v7e-m/nofp/libgcc.a
LOAD /Applications/STM32CubeIDE.app/Contents/Eclipse/plugins/com.st.stm32cube.ide.mcu.externaltools.gnu-tools-for-stm32.10.3-2021.10.macos64_1.0.0.202111181127/tools/bin/../lib/gcc/arm-none-eabi/10.3.1/../../../../arm-none-eabi/lib/thumb/v7e-m/nofp/libc_nano.a
END GROUP
START GROUP
LOAD /Applications/STM32CubeIDE.app/Contents/Eclipse/plugins/com.st.stm32cube.ide.mcu.externaltools.gnu-tools-for-stm32.10.3-2021.10.macos64_1.0.0.202111181127/tools/bin/../lib/gcc/arm-none-eabi/10.3.1/thumb/v7e-m/nofp/libgcc.a
LOAD /Applications/STM32CubeIDE.app/Contents/Eclipse/plugins/com.st.stm32cube.ide.mcu.externaltools.gnu-tools-for-stm32.10.3-2021.10.macos64_1.0.0.202111181127/tools/bin/../lib/gcc/arm-none-eabi/10.3.1/../../../../arm-none-eabi/lib/thumb/v7e-m/nofp/libc_nano.a
LOAD /Applications/STM32CubeIDE.app/Contents/Eclipse/plugins/com.st.stm32cube.ide.mcu.externaltools.gnu-tools-for-stm32.10.3-2021.10.macos64_1.0.0.202111181127/tools/bin/../lib/gcc/arm-none-eabi/10.3.1/../../../../arm-none-eabi/lib/thumb/v7e-m/nofp/libnosys.a
END GROUP
START GROUP
LOAD /Applications/STM32CubeIDE.app/Contents/Eclipse/plugins/com.st.stm32cube.ide.mcu.externaltools.gnu-tools-for-stm32.10.3-2021.10.macos64_1.0.0.202111181127/tools/bin/../lib/gcc/arm-none-eabi/10.3.1/thumb/v7e-m/nofp/libgcc.a
LOAD /Applications/STM32CubeIDE.app/Contents/Eclipse/plugins/com.st.stm32cube.ide.mcu.externaltools.gnu-tools-for-stm32.10.3-2021.10.macos64_1.0.0.202111181127/tools/bin/../lib/gcc/arm-none-eabi/10.3.1/../../../../arm-none-eabi/lib/thumb/v7e-m/nofp/libc_nano.a
LOAD /Applications/STM32CubeIDE.app/Contents/Eclipse/plugins/com.st.stm32cube.ide.mcu.externaltools.gnu-tools-for-stm32.10.3-2021.10.macos64_1.0.0.202111181127/tools/bin/../lib/gcc/arm-none-eabi/10.3.1/../../../../arm-none-eabi/lib/thumb/v7e-m/nofp/libnosys.a
END GROUP
LOAD /Applications/STM32CubeIDE.app/Contents/Eclipse/plugins/com.st.stm32cube.ide.mcu.externaltools.gnu-tools-for-stm32.10.3-2021.10.macos64_1.0.0.202111181127/tools/bin/../lib/gcc/arm-none-eabi/10.3.1/thumb/v7e-m/nofp/crtend.o
LOAD /Applications/STM32CubeIDE.app/Contents/Eclipse/plugins/com.st.stm32cube.ide.mcu.externaltools.gnu-tools-for-stm32.10.3-2021.10.macos64_1.0.0.202111181127/tools/bin/../lib/gcc/arm-none-eabi/10.3.1/thumb/v7e-m/nofp/crtn.o
                0x0000000020020000                _estack = (ORIGIN (RAM) + LENGTH (RAM))
                0x0000000000000200                _Min_Heap_Size = 0x200
                0x0000000000000400                _Min_Stack_Size = 0x400

.isr_vector     0x0000000008000000      0x1c4
                0x0000000008000000                . = ALIGN (0x4)
 *(.isr_vector)
 .isr_vector    0x0000000008000000      0x1c4 ./Startup/startup_stm32f446retx.o
                0x0000000008000000                g_pfnVectors
                0x00000000080001c4                . = ALIGN (0x4)

.text           0x00000000080001c4     0x2254
                0x00000000080001c4                . = ALIGN (0x4)
 *(.text)
 .text          0x00000000080001c4       0x40 /Applications/STM32CubeIDE.app/Contents/Eclipse/plugins/com.st.stm32cube.ide.mcu.externaltools.gnu-tools-for-stm32.10.3-2021.10.macos64_1.0.0.202111181127/tools/bin/../lib/gcc/arm-none-eabi/10.3.1/thumb/v7e-m/nofp/crtbegin.o
 *(.text*)
 .text.main     0x0000000008000204       0xe8 ./Src/018_RTC_LCD.o
                0x0000000008000204                main
 .text.GetDayOfWeek
                0x00000000080002ec       0x3c ./Src/018_RTC_LCD.o
                0x00000000080002ec                GetDayOfWeek
 .text.NumberToString
                0x0000000008000328       0x74 ./Src/018_RTC_LCD.o
                0x0000000008000328                NumberToString
 .text.TimeToString
                0x000000000800039c       0x54 ./Src/018_RTC_LCD.o
                0x000000000800039c                TimeToString
 .text.DateToString
                0x00000000080003f0       0x54 ./Src/018_RTC_LCD.o
                0x00000000080003f0                DateToString
 .text.InitSystickTimer
                0x0000000008000444       0x68 ./Src/018_RTC_LCD.o
                0x0000000008000444                InitSystickTimer
 .text.SysTick_Handler
                0x00000000080004ac       0xac ./Src/018_RTC_LCD.o
                0x00000000080004ac                SysTick_Handler
 .text.Delay_ms
                0x0000000008000558       0x30 ./Src/018_RTC_LCD.o
 .text.ITM_SendChar
                0x0000000008000588       0x4c ./Src/syscalls.o
                0x0000000008000588                ITM_SendChar
 .text._read    0x00000000080005d4       0x3a ./Src/syscalls.o
                0x00000000080005d4                _read
 .text._write   0x000000000800060e       0x38 ./Src/syscalls.o
                0x000000000800060e                _write
 .text._close   0x0000000008000646       0x16 ./Src/syscalls.o
                0x0000000008000646                _close
 .text._fstat   0x000000000800065c       0x1e ./Src/syscalls.o
                0x000000000800065c                _fstat
 .text._isatty  0x000000000800067a       0x14 ./Src/syscalls.o
                0x000000000800067a                _isatty
 .text._lseek   0x000000000800068e       0x18 ./Src/syscalls.o
                0x000000000800068e                _lseek
 *fill*         0x00000000080006a6        0x2 
 .text._sbrk    0x00000000080006a8       0x6c ./Src/sysmem.o
                0x00000000080006a8                _sbrk
 .text.Reset_Handler
                0x0000000008000714       0x50 ./Startup/startup_stm32f446retx.o
                0x0000000008000714                Reset_Handler
 .text.Default_Handler
                0x0000000008000764        0x2 ./Startup/startup_stm32f446retx.o
                0x0000000008000764                DMA1_Stream3_IRQHandler
                0x0000000008000764                EXTI2_IRQHandler
                0x0000000008000764                TIM8_CC_IRQHandler
                0x0000000008000764                SPDIF_Rx_IRQHandler
                0x0000000008000764                DebugMon_Handler
                0x0000000008000764                SPI4_IRQHandler
                0x0000000008000764                TIM1_CC_IRQHandler
                0x0000000008000764                QuadSPI_IRQHandler
                0x0000000008000764                DMA2_Stream5_IRQHandler
                0x0000000008000764                HardFault_Handler
                0x0000000008000764                DMA1_Stream5_IRQHandler
                0x0000000008000764                PVD_IRQHandler
                0x0000000008000764                SDIO_IRQHandler
                0x0000000008000764                TAMP_STAMP_IRQHandler
                0x0000000008000764                PendSV_Handler
                0x0000000008000764                NMI_Handler
                0x0000000008000764                CAN2_RX1_IRQHandler
                0x0000000008000764                EXTI3_IRQHandler
                0x0000000008000764                TIM8_TRG_COM_TIM14_IRQHandler
                0x0000000008000764                TIM1_UP_TIM10_IRQHandler
                0x0000000008000764                FMPI2C1_error_IRQHandler
                0x0000000008000764                TIM8_UP_TIM13_IRQHandler
                0x0000000008000764                I2C3_ER_IRQHandler
                0x0000000008000764                EXTI0_IRQHandler
                0x0000000008000764                I2C2_EV_IRQHandler
                0x0000000008000764                DMA1_Stream2_IRQHandler
                0x0000000008000764                CAN1_RX0_IRQHandler
                0x0000000008000764                FPU_IRQHandler
                0x0000000008000764                OTG_HS_WKUP_IRQHandler
                0x0000000008000764                UsageFault_Handler
                0x0000000008000764                CAN2_SCE_IRQHandler
                0x0000000008000764                DMA2_Stream2_IRQHandler
                0x0000000008000764                SPI1_IRQHandler
                0x0000000008000764                TIM6_DAC_IRQHandler
                0x0000000008000764                TIM1_BRK_TIM9_IRQHandler
                0x0000000008000764                DCMI_IRQHandler
                0x0000000008000764                CAN2_RX0_IRQHandler
                0x0000000008000764                DMA2_Stream3_IRQHandler
                0x0000000008000764                FMPI2C1_IRQHandler
                0x0000000008000764                SAI2_IRQHandler
                0x0000000008000764                USART6_IRQHandler
                0x0000000008000764                USART3_IRQHandler
                0x0000000008000764                CAN1_RX1_IRQHandler
                0x0000000008000764                UART5_IRQHandler
                0x0000000008000764                DMA2_Stream0_IRQHandler
                0x0000000008000764                TIM4_IRQHandler
                0x0000000008000764                I2C1_EV_IRQHandler
                0x0000000008000764                HDMI_CEC_IRQHandler
                0x0000000008000764                DMA1_Stream6_IRQHandler
                0x0000000008000764                DMA1_Stream1_IRQHandler
                0x0000000008000764                UART4_IRQHandler
                0x0000000008000764                TIM3_IRQHandler
                0x0000000008000764                RCC_IRQHandler
                0x0000000008000764                TIM8_BRK_TIM12_IRQHandler
                0x0000000008000764                Default_Handler
                0x0000000008000764                EXTI15_10_IRQHandler
                0x0000000008000764                ADC_IRQHandler
                0x0000000008000764                DMA1_Stream7_IRQHandler
                0x0000000008000764                TIM7_IRQHandler
                0x0000000008000764                CAN2_TX_IRQHandler
                0x0000000008000764                TIM5_IRQHandler
                0x0000000008000764                DMA2_Stream7_IRQHandler
                0x0000000008000764                I2C3_EV_IRQHandler
                0x0000000008000764                EXTI9_5_IRQHandler
                0x0000000008000764                RTC_WKUP_IRQHandler
                0x0000000008000764                SPI2_IRQHandler
                0x0000000008000764                OTG_HS_EP1_IN_IRQHandler
                0x0000000008000764                MemManage_Handler
                0x0000000008000764                DMA1_Stream0_IRQHandler
                0x0000000008000764                CAN1_TX_IRQHandler
                0x0000000008000764                SVC_Handler
                0x0000000008000764                EXTI4_IRQHandler
                0x0000000008000764                OTG_HS_EP1_OUT_IRQHandler
                0x0000000008000764                WWDG_IRQHandler
                0x0000000008000764                TIM2_IRQHandler
                0x0000000008000764                OTG_FS_WKUP_IRQHandler
                0x0000000008000764                TIM1_TRG_COM_TIM11_IRQHandler
                0x0000000008000764                OTG_HS_IRQHandler
                0x0000000008000764                EXTI1_IRQHandler
                0x0000000008000764                USART2_IRQHandler
                0x0000000008000764                I2C2_ER_IRQHandler
                0x0000000008000764                DMA2_Stream1_IRQHandler
                0x0000000008000764                CAN1_SCE_IRQHandler
                0x0000000008000764                FLASH_IRQHandler
                0x0000000008000764                DMA2_Stream4_IRQHandler
                0x0000000008000764                BusFault_Handler
                0x0000000008000764                USART1_IRQHandler
                0x0000000008000764                OTG_FS_IRQHandler
                0x0000000008000764                SPI3_IRQHandler
                0x0000000008000764                DMA1_Stream4_IRQHandler
                0x0000000008000764                I2C1_ER_IRQHandler
                0x0000000008000764                FMC_IRQHandler
                0x0000000008000764                DMA2_Stream6_IRQHandler
                0x0000000008000764                SAI1_IRQHandler
                0x0000000008000764                RTC_Alarm_IRQHandler
 *fill*         0x0000000008000766        0x2 
 .text.DS1307_Init
                0x0000000008000768       0x3c ./bsp/ds1307.o
                0x0000000008000768                DS1307_Init
 .text.DS1307_SetCurrentTime
                0x00000000080007a4       0x94 ./bsp/ds1307.o
                0x00000000080007a4                DS1307_SetCurrentTime
 .text.DS1307_GetCurrentTime
                0x0000000008000838       0x96 ./bsp/ds1307.o
                0x0000000008000838                DS1307_GetCurrentTime
 .text.DS1307_SetCurrentDate
                0x00000000080008ce       0x60 ./bsp/ds1307.o
                0x00000000080008ce                DS1307_SetCurrentDate
 .text.DS1307_GetCurrentDate
                0x000000000800092e       0x68 ./bsp/ds1307.o
                0x000000000800092e                DS1307_GetCurrentDate
 *fill*         0x0000000008000996        0x2 
 .text.DS1307_I2C_PinConfig
                0x0000000008000998       0x50 ./bsp/ds1307.o
 .text.DS1307_I2C_Config
                0x00000000080009e8       0x2c ./bsp/ds1307.o
 .text.DS1307_Write
                0x0000000008000a14       0x38 ./bsp/ds1307.o
 .text.DS1307_Read
                0x0000000008000a4c       0x3c ./bsp/ds1307.o
 .text.BinaryToBcd
                0x0000000008000a88       0x58 ./bsp/ds1307.o
 .text.BcdToBinary
                0x0000000008000ae0       0x34 ./bsp/ds1307.o
 .text.LCD_Init
                0x0000000008000b14      0x114 ./bsp/lcd.o
                0x0000000008000b14                LCD_Init
 .text.LCD_SendCommand
                0x0000000008000c28       0x44 ./bsp/lcd.o
                0x0000000008000c28                LCD_SendCommand
 .text.LCD_PrintChar
                0x0000000008000c6c       0x44 ./bsp/lcd.o
                0x0000000008000c6c                LCD_PrintChar
 .text.LCD_DisplayClear
                0x0000000008000cb0       0x14 ./bsp/lcd.o
                0x0000000008000cb0                LCD_DisplayClear
 .text.LCD_DisplayReturnHome
                0x0000000008000cc4       0x14 ./bsp/lcd.o
                0x0000000008000cc4                LCD_DisplayReturnHome
 .text.LCD_PrintString
                0x0000000008000cd8       0x28 ./bsp/lcd.o
                0x0000000008000cd8                LCD_PrintString
 .text.LCD_SetCursor
                0x0000000008000d00       0x4e ./bsp/lcd.o
                0x0000000008000d00                LCD_SetCursor
 *fill*         0x0000000008000d4e        0x2 
 .text.Write4Bits
                0x0000000008000d50       0x70 ./bsp/lcd.o
 .text.LCD_Enable
                0x0000000008000dc0       0x2c ./bsp/lcd.o
 .text.Delay_ms
                0x0000000008000dec       0x34 ./bsp/lcd.o
 .text.Delay_us
                0x0000000008000e20       0x2a ./bsp/lcd.o
 *fill*         0x0000000008000e4a        0x2 
 .text.GPIO_PeriClockControl
                0x0000000008000e4c      0x1a0 ./drivers/Src/stm32f446xx_gpio_driver.o
                0x0000000008000e4c                GPIO_PeriClockControl
 .text.GPIO_Init
                0x0000000008000fec      0x334 ./drivers/Src/stm32f446xx_gpio_driver.o
                0x0000000008000fec                GPIO_Init
 .text.GPIO_WriteToOutputPin
                0x0000000008001320       0x48 ./drivers/Src/stm32f446xx_gpio_driver.o
                0x0000000008001320                GPIO_WriteToOutputPin
 .text.I2C_PeriClockControl
                0x0000000008001368       0xb0 ./drivers/Src/stm32f446xx_i2c_driver.o
                0x0000000008001368                I2C_PeriClockControl
 .text.I2C_Init
                0x0000000008001418      0x160 ./drivers/Src/stm32f446xx_i2c_driver.o
                0x0000000008001418                I2C_Init
 .text.I2C_GetFlagStatus
                0x0000000008001578       0x26 ./drivers/Src/stm32f446xx_i2c_driver.o
                0x0000000008001578                I2C_GetFlagStatus
 .text.I2C_PeripheralControl
                0x000000000800159e       0x36 ./drivers/Src/stm32f446xx_i2c_driver.o
                0x000000000800159e                I2C_PeripheralControl
 .text.I2C_MasterSendData
                0x00000000080015d4       0xc6 ./drivers/Src/stm32f446xx_i2c_driver.o
                0x00000000080015d4                I2C_MasterSendData
 .text.I2C_MasterReceiveData
                0x000000000800169a      0x11c ./drivers/Src/stm32f446xx_i2c_driver.o
                0x000000000800169a                I2C_MasterReceiveData
 .text.I2C_ManageAcking
                0x00000000080017b6       0x36 ./drivers/Src/stm32f446xx_i2c_driver.o
                0x00000000080017b6                I2C_ManageAcking
 .text.I2C_GenerateStartCondition
                0x00000000080017ec       0x1e ./drivers/Src/stm32f446xx_i2c_driver.o
 .text.I2C_GenerateStopCondition
                0x000000000800180a       0x1e ./drivers/Src/stm32f446xx_i2c_driver.o
                0x000000000800180a                I2C_GenerateStopCondition
 .text.I2C_ExecuteAddressPhaseWrite
                0x0000000008001828       0x2a ./drivers/Src/stm32f446xx_i2c_driver.o
 .text.I2C_ExecuteAddressPhaseRead
                0x0000000008001852       0x2a ./drivers/Src/stm32f446xx_i2c_driver.o
 .text.I2C_ClearAddrFlag
                0x000000000800187c       0x6e ./drivers/Src/stm32f446xx_i2c_driver.o
 *fill*         0x00000000080018ea        0x2 
 .text.RCC_GetPCLK1Value
                0x00000000080018ec       0xb0 ./drivers/Src/stm32f466xx_rcc_driver.o
                0x00000000080018ec                RCC_GetPCLK1Value
 .text.RCC_GetPLLOutputClock
                0x000000000800199c        0xe ./drivers/Src/stm32f466xx_rcc_driver.o
                0x000000000800199c                RCC_GetPLLOutputClock
 *fill*         0x00000000080019aa        0x2 
 .text.__errno  0x00000000080019ac        0xc /Applications/STM32CubeIDE.app/Contents/Eclipse/plugins/com.st.stm32cube.ide.mcu.externaltools.gnu-tools-for-stm32.10.3-2021.10.macos64_1.0.0.202111181127/tools/bin/../lib/gcc/arm-none-eabi/10.3.1/../../../../arm-none-eabi/lib/thumb/v7e-m/nofp/libc_nano.a(lib_a-errno.o)
                0x00000000080019ac                __errno
 .text.__libc_init_array
                0x00000000080019b8       0x48 /Applications/STM32CubeIDE.app/Contents/Eclipse/plugins/com.st.stm32cube.ide.mcu.externaltools.gnu-tools-for-stm32.10.3-2021.10.macos64_1.0.0.202111181127/tools/bin/../lib/gcc/arm-none-eabi/10.3.1/../../../../arm-none-eabi/lib/thumb/v7e-m/nofp/libc_nano.a(lib_a-init.o)
                0x00000000080019b8                __libc_init_array
 .text.memset   0x0000000008001a00       0x10 /Applications/STM32CubeIDE.app/Contents/Eclipse/plugins/com.st.stm32cube.ide.mcu.externaltools.gnu-tools-for-stm32.10.3-2021.10.macos64_1.0.0.202111181127/tools/bin/../lib/gcc/arm-none-eabi/10.3.1/../../../../arm-none-eabi/lib/thumb/v7e-m/nofp/libc_nano.a(lib_a-memset.o)
                0x0000000008001a00                memset
 .text._puts_r  0x0000000008001a10       0xdc /Applications/STM32CubeIDE.app/Contents/Eclipse/plugins/com.st.stm32cube.ide.mcu.externaltools.gnu-tools-for-stm32.10.3-2021.10.macos64_1.0.0.202111181127/tools/bin/../lib/gcc/arm-none-eabi/10.3.1/../../../../arm-none-eabi/lib/thumb/v7e-m/nofp/libc_nano.a(lib_a-puts.o)
                0x0000000008001a10                _puts_r
 .text.puts     0x0000000008001aec       0x10 /Applications/STM32CubeIDE.app/Contents/Eclipse/plugins/com.st.stm32cube.ide.mcu.externaltools.gnu-tools-for-stm32.10.3-2021.10.macos64_1.0.0.202111181127/tools/bin/../lib/gcc/arm-none-eabi/10.3.1/../../../../arm-none-eabi/lib/thumb/v7e-m/nofp/libc_nano.a(lib_a-puts.o)
                0x0000000008001aec                puts
 .text.__swbuf_r
                0x0000000008001afc       0xa4 /Applications/STM32CubeIDE.app/Contents/Eclipse/plugins/com.st.stm32cube.ide.mcu.externaltools.gnu-tools-for-stm32.10.3-2021.10.macos64_1.0.0.202111181127/tools/bin/../lib/gcc/arm-none-eabi/10.3.1/../../../../arm-none-eabi/lib/thumb/v7e-m/nofp/libc_nano.a(lib_a-wbuf.o)
                0x0000000008001afc                __swbuf_r
 .text.__swsetup_r
                0x0000000008001ba0       0xdc /Applications/STM32CubeIDE.app/Contents/Eclipse/plugins/com.st.stm32cube.ide.mcu.externaltools.gnu-tools-for-stm32.10.3-2021.10.macos64_1.0.0.202111181127/tools/bin/../lib/gcc/arm-none-eabi/10.3.1/../../../../arm-none-eabi/lib/thumb/v7e-m/nofp/libc_nano.a(lib_a-wsetup.o)
                0x0000000008001ba0                __swsetup_r
 .text.__sflush_r
                0x0000000008001c7c      0x104 /Applications/STM32CubeIDE.app/Contents/Eclipse/plugins/com.st.stm32cube.ide.mcu.externaltools.gnu-tools-for-stm32.10.3-2021.10.macos64_1.0.0.202111181127/tools/bin/../lib/gcc/arm-none-eabi/10.3.1/../../../../arm-none-eabi/lib/thumb/v7e-m/nofp/libc_nano.a(lib_a-fflush.o)
                0x0000000008001c7c                __sflush_r
 .text._fflush_r
                0x0000000008001d80       0x78 /Applications/STM32CubeIDE.app/Contents/Eclipse/plugins/com.st.stm32cube.ide.mcu.externaltools.gnu-tools-for-stm32.10.3-2021.10.macos64_1.0.0.202111181127/tools/bin/../lib/gcc/arm-none-eabi/10.3.1/../../../../arm-none-eabi/lib/thumb/v7e-m/nofp/libc_nano.a(lib_a-fflush.o)
                0x0000000008001d80                _fflush_r
 .text.std      0x0000000008001df8       0x48 /Applications/STM32CubeIDE.app/Contents/Eclipse/plugins/com.st.stm32cube.ide.mcu.externaltools.gnu-tools-for-stm32.10.3-2021.10.macos64_1.0.0.202111181127/tools/bin/../lib/gcc/arm-none-eabi/10.3.1/../../../../arm-none-eabi/lib/thumb/v7e-m/nofp/libc_nano.a(lib_a-findfp.o)
 .text._cleanup_r
                0x0000000008001e40        0xc /Applications/STM32CubeIDE.app/Contents/Eclipse/plugins/com.st.stm32cube.ide.mcu.externaltools.gnu-tools-for-stm32.10.3-2021.10.macos64_1.0.0.202111181127/tools/bin/../lib/gcc/arm-none-eabi/10.3.1/../../../../arm-none-eabi/lib/thumb/v7e-m/nofp/libc_nano.a(lib_a-findfp.o)
                0x0000000008001e40                _cleanup_r
 .text.__sfmoreglue
                0x0000000008001e4c       0x2c /Applications/STM32CubeIDE.app/Contents/Eclipse/plugins/com.st.stm32cube.ide.mcu.externaltools.gnu-tools-for-stm32.10.3-2021.10.macos64_1.0.0.202111181127/tools/bin/../lib/gcc/arm-none-eabi/10.3.1/../../../../arm-none-eabi/lib/thumb/v7e-m/nofp/libc_nano.a(lib_a-findfp.o)
                0x0000000008001e4c                __sfmoreglue
 .text.__sfp_lock_acquire
                0x0000000008001e78        0xc /Applications/STM32CubeIDE.app/Contents/Eclipse/plugins/com.st.stm32cube.ide.mcu.externaltools.gnu-tools-for-stm32.10.3-2021.10.macos64_1.0.0.202111181127/tools/bin/../lib/gcc/arm-none-eabi/10.3.1/../../../../arm-none-eabi/lib/thumb/v7e-m/nofp/libc_nano.a(lib_a-findfp.o)
                0x0000000008001e78                __sfp_lock_acquire
 .text.__sfp_lock_release
                0x0000000008001e84        0xc /Applications/STM32CubeIDE.app/Contents/Eclipse/plugins/com.st.stm32cube.ide.mcu.externaltools.gnu-tools-for-stm32.10.3-2021.10.macos64_1.0.0.202111181127/tools/bin/../lib/gcc/arm-none-eabi/10.3.1/../../../../arm-none-eabi/lib/thumb/v7e-m/nofp/libc_nano.a(lib_a-findfp.o)
                0x0000000008001e84                __sfp_lock_release
 .text.__sinit_lock_acquire
                0x0000000008001e90        0xc /Applications/STM32CubeIDE.app/Contents/Eclipse/plugins/com.st.stm32cube.ide.mcu.externaltools.gnu-tools-for-stm32.10.3-2021.10.macos64_1.0.0.202111181127/tools/bin/../lib/gcc/arm-none-eabi/10.3.1/../../../../arm-none-eabi/lib/thumb/v7e-m/nofp/libc_nano.a(lib_a-findfp.o)
                0x0000000008001e90                __sinit_lock_acquire
 .text.__sinit_lock_release
                0x0000000008001e9c        0xc /Applications/STM32CubeIDE.app/Contents/Eclipse/plugins/com.st.stm32cube.ide.mcu.externaltools.gnu-tools-for-stm32.10.3-2021.10.macos64_1.0.0.202111181127/tools/bin/../lib/gcc/arm-none-eabi/10.3.1/../../../../arm-none-eabi/lib/thumb/v7e-m/nofp/libc_nano.a(lib_a-findfp.o)
                0x0000000008001e9c                __sinit_lock_release
 .text.__sinit  0x0000000008001ea8       0x70 /Applications/STM32CubeIDE.app/Contents/Eclipse/plugins/com.st.stm32cube.ide.mcu.externaltools.gnu-tools-for-stm32.10.3-2021.10.macos64_1.0.0.202111181127/tools/bin/../lib/gcc/arm-none-eabi/10.3.1/../../../../arm-none-eabi/lib/thumb/v7e-m/nofp/libc_nano.a(lib_a-findfp.o)
                0x0000000008001ea8                __sinit
 .text.__sfp    0x0000000008001f18       0x8c /Applications/STM32CubeIDE.app/Contents/Eclipse/plugins/com.st.stm32cube.ide.mcu.externaltools.gnu-tools-for-stm32.10.3-2021.10.macos64_1.0.0.202111181127/tools/bin/../lib/gcc/arm-none-eabi/10.3.1/../../../../arm-none-eabi/lib/thumb/v7e-m/nofp/libc_nano.a(lib_a-findfp.o)
                0x0000000008001f18                __sfp
 .text._fwalk_reent
                0x0000000008001fa4       0x3e /Applications/STM32CubeIDE.app/Contents/Eclipse/plugins/com.st.stm32cube.ide.mcu.externaltools.gnu-tools-for-stm32.10.3-2021.10.macos64_1.0.0.202111181127/tools/bin/../lib/gcc/arm-none-eabi/10.3.1/../../../../arm-none-eabi/lib/thumb/v7e-m/nofp/libc_nano.a(lib_a-fwalk.o)
                0x0000000008001fa4                _fwalk_reent
 .text.__retarget_lock_init_recursive
                0x0000000008001fe2        0x2 /Applications/STM32CubeIDE.app/Contents/Eclipse/plugins/com.st.stm32cube.ide.mcu.externaltools.gnu-tools-for-stm32.10.3-2021.10.macos64_1.0.0.202111181127/tools/bin/../lib/gcc/arm-none-eabi/10.3.1/../../../../arm-none-eabi/lib/thumb/v7e-m/nofp/libc_nano.a(lib_a-lock.o)
                0x0000000008001fe2                __retarget_lock_init_recursive
 .text.__retarget_lock_acquire_recursive
                0x0000000008001fe4        0x2 /Applications/STM32CubeIDE.app/Contents/Eclipse/plugins/com.st.stm32cube.ide.mcu.externaltools.gnu-tools-for-stm32.10.3-2021.10.macos64_1.0.0.202111181127/tools/bin/../lib/gcc/arm-none-eabi/10.3.1/../../../../arm-none-eabi/lib/thumb/v7e-m/nofp/libc_nano.a(lib_a-lock.o)
                0x0000000008001fe4                __retarget_lock_acquire_recursive
 .text.__retarget_lock_release_recursive
                0x0000000008001fe6        0x2 /Applications/STM32CubeIDE.app/Contents/Eclipse/plugins/com.st.stm32cube.ide.mcu.externaltools.gnu-tools-for-stm32.10.3-2021.10.macos64_1.0.0.202111181127/tools/bin/../lib/gcc/arm-none-eabi/10.3.1/../../../../arm-none-eabi/lib/thumb/v7e-m/nofp/libc_nano.a(lib_a-lock.o)
                0x0000000008001fe6                __retarget_lock_release_recursive
 .text.__swhatbuf_r
                0x0000000008001fe8       0x4a /Applications/STM32CubeIDE.app/Contents/Eclipse/plugins/com.st.stm32cube.ide.mcu.externaltools.gnu-tools-for-stm32.10.3-2021.10.macos64_1.0.0.202111181127/tools/bin/../lib/gcc/arm-none-eabi/10.3.1/../../../../arm-none-eabi/lib/thumb/v7e-m/nofp/libc_nano.a(lib_a-makebuf.o)
                0x0000000008001fe8                __swhatbuf_r
 *fill*         0x0000000008002032        0x2 
 .text.__smakebuf_r
                0x0000000008002034       0x80 /Applications/STM32CubeIDE.app/Contents/Eclipse/plugins/com.st.stm32cube.ide.mcu.externaltools.gnu-tools-for-stm32.10.3-2021.10.macos64_1.0.0.202111181127/tools/bin/../lib/gcc/arm-none-eabi/10.3.1/../../../../arm-none-eabi/lib/thumb/v7e-m/nofp/libc_nano.a(lib_a-makebuf.o)
                0x0000000008002034                __smakebuf_r
 .text._free_r  0x00000000080020b4       0x94 /Applications/STM32CubeIDE.app/Contents/Eclipse/plugins/com.st.stm32cube.ide.mcu.externaltools.gnu-tools-for-stm32.10.3-2021.10.macos64_1.0.0.202111181127/tools/bin/../lib/gcc/arm-none-eabi/10.3.1/../../../../arm-none-eabi/lib/thumb/v7e-m/nofp/libc_nano.a(lib_a-nano-freer.o)
                0x00000000080020b4                _free_r
 .text.sbrk_aligned
                0x0000000008002148       0x40 /Applications/STM32CubeIDE.app/Contents/Eclipse/plugins/com.st.stm32cube.ide.mcu.externaltools.gnu-tools-for-stm32.10.3-2021.10.macos64_1.0.0.202111181127/tools/bin/../lib/gcc/arm-none-eabi/10.3.1/../../../../arm-none-eabi/lib/thumb/v7e-m/nofp/libc_nano.a(lib_a-nano-mallocr.o)
 .text._malloc_r
                0x0000000008002188       0xe8 /Applications/STM32CubeIDE.app/Contents/Eclipse/plugins/com.st.stm32cube.ide.mcu.externaltools.gnu-tools-for-stm32.10.3-2021.10.macos64_1.0.0.202111181127/tools/bin/../lib/gcc/arm-none-eabi/10.3.1/../../../../arm-none-eabi/lib/thumb/v7e-m/nofp/libc_nano.a(lib_a-nano-mallocr.o)
                0x0000000008002188                _malloc_r
 .text._sbrk_r  0x0000000008002270       0x20 /Applications/STM32CubeIDE.app/Contents/Eclipse/plugins/com.st.stm32cube.ide.mcu.externaltools.gnu-tools-for-stm32.10.3-2021.10.macos64_1.0.0.202111181127/tools/bin/../lib/gcc/arm-none-eabi/10.3.1/../../../../arm-none-eabi/lib/thumb/v7e-m/nofp/libc_nano.a(lib_a-sbrkr.o)
                0x0000000008002270                _sbrk_r
 .text.__sread  0x0000000008002290       0x22 /Applications/STM32CubeIDE.app/Contents/Eclipse/plugins/com.st.stm32cube.ide.mcu.externaltools.gnu-tools-for-stm32.10.3-2021.10.macos64_1.0.0.202111181127/tools/bin/../lib/gcc/arm-none-eabi/10.3.1/../../../../arm-none-eabi/lib/thumb/v7e-m/nofp/libc_nano.a(lib_a-stdio.o)
                0x0000000008002290                __sread
 .text.__swrite
                0x00000000080022b2       0x38 /Applications/STM32CubeIDE.app/Contents/Eclipse/plugins/com.st.stm32cube.ide.mcu.externaltools.gnu-tools-for-stm32.10.3-2021.10.macos64_1.0.0.202111181127/tools/bin/../lib/gcc/arm-none-eabi/10.3.1/../../../../arm-none-eabi/lib/thumb/v7e-m/nofp/libc_nano.a(lib_a-stdio.o)
                0x00000000080022b2                __swrite
 .text.__sseek  0x00000000080022ea       0x24 /Applications/STM32CubeIDE.app/Contents/Eclipse/plugins/com.st.stm32cube.ide.mcu.externaltools.gnu-tools-for-stm32.10.3-2021.10.macos64_1.0.0.202111181127/tools/bin/../lib/gcc/arm-none-eabi/10.3.1/../../../../arm-none-eabi/lib/thumb/v7e-m/nofp/libc_nano.a(lib_a-stdio.o)
                0x00000000080022ea                __sseek
 .text.__sclose
                0x000000000800230e        0x8 /Applications/STM32CubeIDE.app/Contents/Eclipse/plugins/com.st.stm32cube.ide.mcu.externaltools.gnu-tools-for-stm32.10.3-2021.10.macos64_1.0.0.202111181127/tools/bin/../lib/gcc/arm-none-eabi/10.3.1/../../../../arm-none-eabi/lib/thumb/v7e-m/nofp/libc_nano.a(lib_a-stdio.o)
                0x000000000800230e                __sclose
 *fill*         0x0000000008002316        0x2 
 .text._write_r
                0x0000000008002318       0x24 /Applications/STM32CubeIDE.app/Contents/Eclipse/plugins/com.st.stm32cube.ide.mcu.externaltools.gnu-tools-for-stm32.10.3-2021.10.macos64_1.0.0.202111181127/tools/bin/../lib/gcc/arm-none-eabi/10.3.1/../../../../arm-none-eabi/lib/thumb/v7e-m/nofp/libc_nano.a(lib_a-writer.o)
                0x0000000008002318                _write_r
 .text._close_r
                0x000000000800233c       0x20 /Applications/STM32CubeIDE.app/Contents/Eclipse/plugins/com.st.stm32cube.ide.mcu.externaltools.gnu-tools-for-stm32.10.3-2021.10.macos64_1.0.0.202111181127/tools/bin/../lib/gcc/arm-none-eabi/10.3.1/../../../../arm-none-eabi/lib/thumb/v7e-m/nofp/libc_nano.a(lib_a-closer.o)
                0x000000000800233c                _close_r
 .text._fstat_r
                0x000000000800235c       0x24 /Applications/STM32CubeIDE.app/Contents/Eclipse/plugins/com.st.stm32cube.ide.mcu.externaltools.gnu-tools-for-stm32.10.3-2021.10.macos64_1.0.0.202111181127/tools/bin/../lib/gcc/arm-none-eabi/10.3.1/../../../../arm-none-eabi/lib/thumb/v7e-m/nofp/libc_nano.a(lib_a-fstatr.o)
                0x000000000800235c                _fstat_r
 .text._isatty_r
                0x0000000008002380       0x20 /Applications/STM32CubeIDE.app/Contents/Eclipse/plugins/com.st.stm32cube.ide.mcu.externaltools.gnu-tools-for-stm32.10.3-2021.10.macos64_1.0.0.202111181127/tools/bin/../lib/gcc/arm-none-eabi/10.3.1/../../../../arm-none-eabi/lib/thumb/v7e-m/nofp/libc_nano.a(lib_a-isattyr.o)
                0x0000000008002380                _isatty_r
 .text._lseek_r
                0x00000000080023a0       0x24 /Applications/STM32CubeIDE.app/Contents/Eclipse/plugins/com.st.stm32cube.ide.mcu.externaltools.gnu-tools-for-stm32.10.3-2021.10.macos64_1.0.0.202111181127/tools/bin/../lib/gcc/arm-none-eabi/10.3.1/../../../../arm-none-eabi/lib/thumb/v7e-m/nofp/libc_nano.a(lib_a-lseekr.o)
                0x00000000080023a0                _lseek_r
 .text.__malloc_lock
                0x00000000080023c4        0xc /Applications/STM32CubeIDE.app/Contents/Eclipse/plugins/com.st.stm32cube.ide.mcu.externaltools.gnu-tools-for-stm32.10.3-2021.10.macos64_1.0.0.202111181127/tools/bin/../lib/gcc/arm-none-eabi/10.3.1/../../../../arm-none-eabi/lib/thumb/v7e-m/nofp/libc_nano.a(lib_a-mlock.o)
                0x00000000080023c4                __malloc_lock
 .text.__malloc_unlock
                0x00000000080023d0        0xc /Applications/STM32CubeIDE.app/Contents/Eclipse/plugins/com.st.stm32cube.ide.mcu.externaltools.gnu-tools-for-stm32.10.3-2021.10.macos64_1.0.0.202111181127/tools/bin/../lib/gcc/arm-none-eabi/10.3.1/../../../../arm-none-eabi/lib/thumb/v7e-m/nofp/libc_nano.a(lib_a-mlock.o)
                0x00000000080023d0                __malloc_unlock
 .text._read_r  0x00000000080023dc       0x24 /Applications/STM32CubeIDE.app/Contents/Eclipse/plugins/com.st.stm32cube.ide.mcu.externaltools.gnu-tools-for-stm32.10.3-2021.10.macos64_1.0.0.202111181127/tools/bin/../lib/gcc/arm-none-eabi/10.3.1/../../../../arm-none-eabi/lib/thumb/v7e-m/nofp/libc_nano.a(lib_a-readr.o)
                0x00000000080023dc                _read_r
 *(.glue_7)
 .glue_7        0x0000000008002400        0x0 linker stubs
 *(.glue_7t)
 .glue_7t       0x0000000008002400        0x0 linker stubs
 *(.eh_frame)
 .eh_frame      0x0000000008002400        0x0 /Applications/STM32CubeIDE.app/Contents/Eclipse/plugins/com.st.stm32cube.ide.mcu.externaltools.gnu-tools-for-stm32.10.3-2021.10.macos64_1.0.0.202111181127/tools/bin/../lib/gcc/arm-none-eabi/10.3.1/thumb/v7e-m/nofp/crtbegin.o
 *(.init)
 .init          0x0000000008002400        0x4 /Applications/STM32CubeIDE.app/Contents/Eclipse/plugins/com.st.stm32cube.ide.mcu.externaltools.gnu-tools-for-stm32.10.3-2021.10.macos64_1.0.0.202111181127/tools/bin/../lib/gcc/arm-none-eabi/10.3.1/thumb/v7e-m/nofp/crti.o
                0x0000000008002400                _init
 .init          0x0000000008002404        0x8 /Applications/STM32CubeIDE.app/Contents/Eclipse/plugins/com.st.stm32cube.ide.mcu.externaltools.gnu-tools-for-stm32.10.3-2021.10.macos64_1.0.0.202111181127/tools/bin/../lib/gcc/arm-none-eabi/10.3.1/thumb/v7e-m/nofp/crtn.o
 *(.fini)
 .fini          0x000000000800240c        0x4 /Applications/STM32CubeIDE.app/Contents/Eclipse/plugins/com.st.stm32cube.ide.mcu.externaltools.gnu-tools-for-stm32.10.3-2021.10.macos64_1.0.0.202111181127/tools/bin/../lib/gcc/arm-none-eabi/10.3.1/thumb/v7e-m/nofp/crti.o
                0x000000000800240c                _fini
 .fini          0x0000000008002410        0x8 /Applications/STM32CubeIDE.app/Contents/Eclipse/plugins/com.st.stm32cube.ide.mcu.externaltools.gnu-tools-for-stm32.10.3-2021.10.macos64_1.0.0.202111181127/tools/bin/../lib/gcc/arm-none-eabi/10.3.1/thumb/v7e-m/nofp/crtn.o
                0x0000000008002418                . = ALIGN (0x4)
                0x0000000008002418                _etext = .

.vfp11_veneer   0x0000000008002418        0x0
 .vfp11_veneer  0x0000000008002418        0x0 linker stubs

.v4_bx          0x0000000008002418        0x0
 .v4_bx         0x0000000008002418        0x0 linker stubs

.iplt           0x0000000008002418        0x0
 .iplt          0x0000000008002418        0x0 /Applications/STM32CubeIDE.app/Contents/Eclipse/plugins/com.st.stm32cube.ide.mcu.externaltools.gnu-tools-for-stm32.10.3-2021.10.macos64_1.0.0.202111181127/tools/bin/../lib/gcc/arm-none-eabi/10.3.1/thumb/v7e-m/nofp/crtbegin.o

.rodata         0x0000000008002418       0xf8
                0x0000000008002418                . = ALIGN (0x4)
 *(.rodata)
 .rodata        0x0000000008002418       0x94 ./Src/018_RTC_LCD.o
 *(.rodata*)
 .rodata._global_impure_ptr
                0x00000000080024ac        0x4 /Applications/STM32CubeIDE.app/Contents/Eclipse/plugins/com.st.stm32cube.ide.mcu.externaltools.gnu-tools-for-stm32.10.3-2021.10.macos64_1.0.0.202111181127/tools/bin/../lib/gcc/arm-none-eabi/10.3.1/../../../../arm-none-eabi/lib/thumb/v7e-m/nofp/libc_nano.a(lib_a-impure.o)
                0x00000000080024ac                _global_impure_ptr
 .rodata.__sf_fake_stderr
                0x00000000080024b0       0x20 /Applications/STM32CubeIDE.app/Contents/Eclipse/plugins/com.st.stm32cube.ide.mcu.externaltools.gnu-tools-for-stm32.10.3-2021.10.macos64_1.0.0.202111181127/tools/bin/../lib/gcc/arm-none-eabi/10.3.1/../../../../arm-none-eabi/lib/thumb/v7e-m/nofp/libc_nano.a(lib_a-findfp.o)
                0x00000000080024b0                __sf_fake_stderr
 .rodata.__sf_fake_stdin
                0x00000000080024d0       0x20 /Applications/STM32CubeIDE.app/Contents/Eclipse/plugins/com.st.stm32cube.ide.mcu.externaltools.gnu-tools-for-stm32.10.3-2021.10.macos64_1.0.0.202111181127/tools/bin/../lib/gcc/arm-none-eabi/10.3.1/../../../../arm-none-eabi/lib/thumb/v7e-m/nofp/libc_nano.a(lib_a-findfp.o)
                0x00000000080024d0                __sf_fake_stdin
 .rodata.__sf_fake_stdout
                0x00000000080024f0       0x20 /Applications/STM32CubeIDE.app/Contents/Eclipse/plugins/com.st.stm32cube.ide.mcu.externaltools.gnu-tools-for-stm32.10.3-2021.10.macos64_1.0.0.202111181127/tools/bin/../lib/gcc/arm-none-eabi/10.3.1/../../../../arm-none-eabi/lib/thumb/v7e-m/nofp/libc_nano.a(lib_a-findfp.o)
                0x00000000080024f0                __sf_fake_stdout
                0x0000000008002510                . = ALIGN (0x4)

.rel.dyn        0x0000000008002510        0x0
 .rel.iplt      0x0000000008002510        0x0 /Applications/STM32CubeIDE.app/Contents/Eclipse/plugins/com.st.stm32cube.ide.mcu.externaltools.gnu-tools-for-stm32.10.3-2021.10.macos64_1.0.0.202111181127/tools/bin/../lib/gcc/arm-none-eabi/10.3.1/thumb/v7e-m/nofp/crtbegin.o

.ARM.extab      0x0000000008002510        0x0
                0x0000000008002510                . = ALIGN (0x4)
 *(.ARM.extab* .gnu.linkonce.armextab.*)
                0x0000000008002510                . = ALIGN (0x4)

.ARM            0x0000000008002510        0x0
                0x0000000008002510                . = ALIGN (0x4)
                0x0000000008002510                __exidx_start = .
 *(.ARM.exidx*)
                0x0000000008002510                __exidx_end = .
                0x0000000008002510                . = ALIGN (0x4)

.preinit_array  0x0000000008002510        0x0
                0x0000000008002510                . = ALIGN (0x4)
                0x0000000008002510                PROVIDE (__preinit_array_start = .)
 *(.preinit_array*)
                0x0000000008002510                PROVIDE (__preinit_array_end = .)
                0x0000000008002510                . = ALIGN (0x4)

.init_array     0x0000000008002510        0x4
                0x0000000008002510                . = ALIGN (0x4)
                0x0000000008002510                PROVIDE (__init_array_start = .)
 *(SORT_BY_NAME(.init_array.*))
 *(.init_array*)
 .init_array    0x0000000008002510        0x4 /Applications/STM32CubeIDE.app/Contents/Eclipse/plugins/com.st.stm32cube.ide.mcu.externaltools.gnu-tools-for-stm32.10.3-2021.10.macos64_1.0.0.202111181127/tools/bin/../lib/gcc/arm-none-eabi/10.3.1/thumb/v7e-m/nofp/crtbegin.o
                0x0000000008002514                PROVIDE (__init_array_end = .)
                0x0000000008002514                . = ALIGN (0x4)

.fini_array     0x0000000008002514        0x4
                0x0000000008002514                . = ALIGN (0x4)
                [!provide]                        PROVIDE (__fini_array_start = .)
 *(SORT_BY_NAME(.fini_array.*))
 *(.fini_array*)
 .fini_array    0x0000000008002514        0x4 /Applications/STM32CubeIDE.app/Contents/Eclipse/plugins/com.st.stm32cube.ide.mcu.externaltools.gnu-tools-for-stm32.10.3-2021.10.macos64_1.0.0.202111181127/tools/bin/../lib/gcc/arm-none-eabi/10.3.1/thumb/v7e-m/nofp/crtbegin.o
                [!provide]                        PROVIDE (__fini_array_end = .)
                0x0000000008002518                . = ALIGN (0x4)
                0x0000000008002518                _sidata = LOADADDR (.data)

.data           0x0000000020000000       0x78 load address 0x0000000008002518
                0x0000000020000000                . = ALIGN (0x4)
                0x0000000020000000                _sdata = .
 *(.data)
 *(.data*)
 .data.AHB_Prescaler
                0x0000000020000000       0x10 ./drivers/Src/stm32f466xx_rcc_driver.o
                0x0000000020000000                AHB_Prescaler
 .data.APBx_Prescaler
                0x0000000020000010        0x4 ./drivers/Src/stm32f466xx_rcc_driver.o
                0x0000000020000010                APBx_Prescaler
 .data._impure_ptr
                0x0000000020000014        0x4 /Applications/STM32CubeIDE.app/Contents/Eclipse/plugins/com.st.stm32cube.ide.mcu.externaltools.gnu-tools-for-stm32.10.3-2021.10.macos64_1.0.0.202111181127/tools/bin/../lib/gcc/arm-none-eabi/10.3.1/../../../../arm-none-eabi/lib/thumb/v7e-m/nofp/libc_nano.a(lib_a-impure.o)
                0x0000000020000014                _impure_ptr
 .data.impure_data
                0x0000000020000018       0x60 /Applications/STM32CubeIDE.app/Contents/Eclipse/plugins/com.st.stm32cube.ide.mcu.externaltools.gnu-tools-for-stm32.10.3-2021.10.macos64_1.0.0.202111181127/tools/bin/../lib/gcc/arm-none-eabi/10.3.1/../../../../arm-none-eabi/lib/thumb/v7e-m/nofp/libc_nano.a(lib_a-impure.o)
 *(.RamFunc)
 *(.RamFunc*)
                0x0000000020000078                . = ALIGN (0x4)
                0x0000000020000078                _edata = .

.igot.plt       0x0000000020000078        0x0 load address 0x0000000008002590
 .igot.plt      0x0000000020000078        0x0 /Applications/STM32CubeIDE.app/Contents/Eclipse/plugins/com.st.stm32cube.ide.mcu.externaltools.gnu-tools-for-stm32.10.3-2021.10.macos64_1.0.0.202111181127/tools/bin/../lib/gcc/arm-none-eabi/10.3.1/thumb/v7e-m/nofp/crtbegin.o
                0x0000000020000078                . = ALIGN (0x4)

.bss            0x0000000020000078       0x70 load address 0x0000000008002590
                0x0000000020000078                _sbss = .
                0x0000000020000078                __bss_start__ = _sbss
 *(.bss)
 .bss           0x0000000020000078       0x1c /Applications/STM32CubeIDE.app/Contents/Eclipse/plugins/com.st.stm32cube.ide.mcu.externaltools.gnu-tools-for-stm32.10.3-2021.10.macos64_1.0.0.202111181127/tools/bin/../lib/gcc/arm-none-eabi/10.3.1/thumb/v7e-m/nofp/crtbegin.o
 *(.bss*)
 .bss.buf.1     0x0000000020000094        0x9 ./Src/018_RTC_LCD.o
 *fill*         0x000000002000009d        0x3 
 .bss.buf.0     0x00000000200000a0        0x9 ./Src/018_RTC_LCD.o
 *fill*         0x00000000200000a9        0x3 
 .bss.__sbrk_heap_end
                0x00000000200000ac        0x4 ./Src/sysmem.o
 .bss.g_DS1307_I2C_Handle
                0x00000000200000b0       0x28 ./bsp/ds1307.o
                0x00000000200000b0                g_DS1307_I2C_Handle
 .bss.__lock___malloc_recursive_mutex
                0x00000000200000d8        0x1 /Applications/STM32CubeIDE.app/Contents/Eclipse/plugins/com.st.stm32cube.ide.mcu.externaltools.gnu-tools-for-stm32.10.3-2021.10.macos64_1.0.0.202111181127/tools/bin/../lib/gcc/arm-none-eabi/10.3.1/../../../../arm-none-eabi/lib/thumb/v7e-m/nofp/libc_nano.a(lib_a-lock.o)
                0x00000000200000d8                __lock___malloc_recursive_mutex
 .bss.__lock___sfp_recursive_mutex
                0x00000000200000d9        0x1 /Applications/STM32CubeIDE.app/Contents/Eclipse/plugins/com.st.stm32cube.ide.mcu.externaltools.gnu-tools-for-stm32.10.3-2021.10.macos64_1.0.0.202111181127/tools/bin/../lib/gcc/arm-none-eabi/10.3.1/../../../../arm-none-eabi/lib/thumb/v7e-m/nofp/libc_nano.a(lib_a-lock.o)
                0x00000000200000d9                __lock___sfp_recursive_mutex
 .bss.__lock___sinit_recursive_mutex
                0x00000000200000da        0x1 /Applications/STM32CubeIDE.app/Contents/Eclipse/plugins/com.st.stm32cube.ide.mcu.externaltools.gnu-tools-for-stm32.10.3-2021.10.macos64_1.0.0.202111181127/tools/bin/../lib/gcc/arm-none-eabi/10.3.1/../../../../arm-none-eabi/lib/thumb/v7e-m/nofp/libc_nano.a(lib_a-lock.o)
                0x00000000200000da                __lock___sinit_recursive_mutex
 *fill*         0x00000000200000db        0x1 
 .bss.__malloc_free_list
                0x00000000200000dc        0x4 /Applications/STM32CubeIDE.app/Contents/Eclipse/plugins/com.st.stm32cube.ide.mcu.externaltools.gnu-tools-for-stm32.10.3-2021.10.macos64_1.0.0.202111181127/tools/bin/../lib/gcc/arm-none-eabi/10.3.1/../../../../arm-none-eabi/lib/thumb/v7e-m/nofp/libc_nano.a(lib_a-nano-mallocr.o)
                0x00000000200000dc                __malloc_free_list
 .bss.__malloc_sbrk_start
                0x00000000200000e0        0x4 /Applications/STM32CubeIDE.app/Contents/Eclipse/plugins/com.st.stm32cube.ide.mcu.externaltools.gnu-tools-for-stm32.10.3-2021.10.macos64_1.0.0.202111181127/tools/bin/../lib/gcc/arm-none-eabi/10.3.1/../../../../arm-none-eabi/lib/thumb/v7e-m/nofp/libc_nano.a(lib_a-nano-mallocr.o)
                0x00000000200000e0                __malloc_sbrk_start
 .bss.errno     0x00000000200000e4        0x4 /Applications/STM32CubeIDE.app/Contents/Eclipse/plugins/com.st.stm32cube.ide.mcu.externaltools.gnu-tools-for-stm32.10.3-2021.10.macos64_1.0.0.202111181127/tools/bin/../lib/gcc/arm-none-eabi/10.3.1/../../../../arm-none-eabi/lib/thumb/v7e-m/nofp/libc_nano.a(lib_a-reent.o)
                0x00000000200000e4                errno
 *(COMMON)
                0x00000000200000e8                . = ALIGN (0x4)
                0x00000000200000e8                _ebss = .
                0x00000000200000e8                __bss_end__ = _ebss

._user_heap_stack
                0x00000000200000e8      0x600 load address 0x0000000008002590
                0x00000000200000e8                . = ALIGN (0x8)
                [!provide]                        PROVIDE (end = .)
                0x00000000200000e8                PROVIDE (_end = .)
                0x00000000200002e8                . = (. + _Min_Heap_Size)
 *fill*         0x00000000200000e8      0x200 
                0x00000000200006e8                . = (. + _Min_Stack_Size)
 *fill*         0x00000000200002e8      0x400 
                0x00000000200006e8                . = ALIGN (0x8)

/DISCARD/
 libc.a(*)
 libm.a(*)
 libgcc.a(*)

.ARM.attributes
                0x0000000000000000       0x2a
 *(.ARM.attributes)
 .ARM.attributes
                0x0000000000000000       0x1e /Applications/STM32CubeIDE.app/Contents/Eclipse/plugins/com.st.stm32cube.ide.mcu.externaltools.gnu-tools-for-stm32.10.3-2021.10.macos64_1.0.0.202111181127/tools/bin/../lib/gcc/arm-none-eabi/10.3.1/thumb/v7e-m/nofp/crti.o
 .ARM.attributes
                0x000000000000001e       0x2e /Applications/STM32CubeIDE.app/Contents/Eclipse/plugins/com.st.stm32cube.ide.mcu.externaltools.gnu-tools-for-stm32.10.3-2021.10.macos64_1.0.0.202111181127/tools/bin/../lib/gcc/arm-none-eabi/10.3.1/thumb/v7e-m/nofp/crtbegin.o
 .ARM.attributes
                0x000000000000004c       0x2e ./Src/018_RTC_LCD.o
 .ARM.attributes
                0x000000000000007a       0x2e ./Src/syscalls.o
 .ARM.attributes
                0x00000000000000a8       0x2e ./Src/sysmem.o
 .ARM.attributes
                0x00000000000000d6       0x21 ./Startup/startup_stm32f446retx.o
 .ARM.attributes
                0x00000000000000f7       0x2e ./bsp/ds1307.o
 .ARM.attributes
                0x0000000000000125       0x2e ./bsp/lcd.o
 .ARM.attributes
                0x0000000000000153       0x2e ./drivers/Src/stm32f446xx_gpio_driver.o
 .ARM.attributes
                0x0000000000000181       0x2e ./drivers/Src/stm32f446xx_i2c_driver.o
 .ARM.attributes
                0x00000000000001af       0x2e ./drivers/Src/stm32f466xx_rcc_driver.o
 .ARM.attributes
                0x00000000000001dd       0x2e /Applications/STM32CubeIDE.app/Contents/Eclipse/plugins/com.st.stm32cube.ide.mcu.externaltools.gnu-tools-for-stm32.10.3-2021.10.macos64_1.0.0.202111181127/tools/bin/../lib/gcc/arm-none-eabi/10.3.1/../../../../arm-none-eabi/lib/thumb/v7e-m/nofp/libc_nano.a(lib_a-errno.o)
 .ARM.attributes
                0x000000000000020b       0x2e /Applications/STM32CubeIDE.app/Contents/Eclipse/plugins/com.st.stm32cube.ide.mcu.externaltools.gnu-tools-for-stm32.10.3-2021.10.macos64_1.0.0.202111181127/tools/bin/../lib/gcc/arm-none-eabi/10.3.1/../../../../arm-none-eabi/lib/thumb/v7e-m/nofp/libc_nano.a(lib_a-impure.o)
 .ARM.attributes
                0x0000000000000239       0x2e /Applications/STM32CubeIDE.app/Contents/Eclipse/plugins/com.st.stm32cube.ide.mcu.externaltools.gnu-tools-for-stm32.10.3-2021.10.macos64_1.0.0.202111181127/tools/bin/../lib/gcc/arm-none-eabi/10.3.1/../../../../arm-none-eabi/lib/thumb/v7e-m/nofp/libc_nano.a(lib_a-init.o)
 .ARM.attributes
                0x0000000000000267       0x2e /Applications/STM32CubeIDE.app/Contents/Eclipse/plugins/com.st.stm32cube.ide.mcu.externaltools.gnu-tools-for-stm32.10.3-2021.10.macos64_1.0.0.202111181127/tools/bin/../lib/gcc/arm-none-eabi/10.3.1/../../../../arm-none-eabi/lib/thumb/v7e-m/nofp/libc_nano.a(lib_a-memset.o)
 .ARM.attributes
                0x0000000000000295       0x2e /Applications/STM32CubeIDE.app/Contents/Eclipse/plugins/com.st.stm32cube.ide.mcu.externaltools.gnu-tools-for-stm32.10.3-2021.10.macos64_1.0.0.202111181127/tools/bin/../lib/gcc/arm-none-eabi/10.3.1/../../../../arm-none-eabi/lib/thumb/v7e-m/nofp/libc_nano.a(lib_a-puts.o)
 .ARM.attributes
                0x00000000000002c3       0x2e /Applications/STM32CubeIDE.app/Contents/Eclipse/plugins/com.st.stm32cube.ide.mcu.externaltools.gnu-tools-for-stm32.10.3-2021.10.macos64_1.0.0.202111181127/tools/bin/../lib/gcc/arm-none-eabi/10.3.1/../../../../arm-none-eabi/lib/thumb/v7e-m/nofp/libc_nano.a(lib_a-wbuf.o)
 .ARM.attributes
                0x00000000000002f1       0x2e /Applications/STM32CubeIDE.app/Contents/Eclipse/plugins/com.st.stm32cube.ide.mcu.externaltools.gnu-tools-for-stm32.10.3-2021.10.macos64_1.0.0.202111181127/tools/bin/../lib/gcc/arm-none-eabi/10.3.1/../../../../arm-none-eabi/lib/thumb/v7e-m/nofp/libc_nano.a(lib_a-wsetup.o)
 .ARM.attributes
                0x000000000000031f       0x2e /Applications/STM32CubeIDE.app/Contents/Eclipse/plugins/com.st.stm32cube.ide.mcu.externaltools.gnu-tools-for-stm32.10.3-2021.10.macos64_1.0.0.202111181127/tools/bin/../lib/gcc/arm-none-eabi/10.3.1/../../../../arm-none-eabi/lib/thumb/v7e-m/nofp/libc_nano.a(lib_a-fflush.o)
 .ARM.attributes
                0x000000000000034d       0x2e /Applications/STM32CubeIDE.app/Contents/Eclipse/plugins/com.st.stm32cube.ide.mcu.externaltools.gnu-tools-for-stm32.10.3-2021.10.macos64_1.0.0.202111181127/tools/bin/../lib/gcc/arm-none-eabi/10.3.1/../../../../arm-none-eabi/lib/thumb/v7e-m/nofp/libc_nano.a(lib_a-findfp.o)
 .ARM.attributes
                0x000000000000037b       0x2e /Applications/STM32CubeIDE.app/Contents/Eclipse/plugins/com.st.stm32cube.ide.mcu.externaltools.gnu-tools-for-stm32.10.3-2021.10.macos64_1.0.0.202111181127/tools/bin/../lib/gcc/arm-none-eabi/10.3.1/../../../../arm-none-eabi/lib/thumb/v7e-m/nofp/libc_nano.a(lib_a-fwalk.o)
 .ARM.attributes
                0x00000000000003a9       0x2e /Applications/STM32CubeIDE.app/Contents/Eclipse/plugins/com.st.stm32cube.ide.mcu.externaltools.gnu-tools-for-stm32.10.3-2021.10.macos64_1.0.0.202111181127/tools/bin/../lib/gcc/arm-none-eabi/10.3.1/../../../../arm-none-eabi/lib/thumb/v7e-m/nofp/libc_nano.a(lib_a-lock.o)
 .ARM.attributes
                0x00000000000003d7       0x2e /Applications/STM32CubeIDE.app/Contents/Eclipse/plugins/com.st.stm32cube.ide.mcu.externaltools.gnu-tools-for-stm32.10.3-2021.10.macos64_1.0.0.202111181127/tools/bin/../lib/gcc/arm-none-eabi/10.3.1/../../../../arm-none-eabi/lib/thumb/v7e-m/nofp/libc_nano.a(lib_a-makebuf.o)
 .ARM.attributes
                0x0000000000000405       0x2e /Applications/STM32CubeIDE.app/Contents/Eclipse/plugins/com.st.stm32cube.ide.mcu.externaltools.gnu-tools-for-stm32.10.3-2021.10.macos64_1.0.0.202111181127/tools/bin/../lib/gcc/arm-none-eabi/10.3.1/../../../../arm-none-eabi/lib/thumb/v7e-m/nofp/libc_nano.a(lib_a-nano-freer.o)
 .ARM.attributes
                0x0000000000000433       0x2e /Applications/STM32CubeIDE.app/Contents/Eclipse/plugins/com.st.stm32cube.ide.mcu.externaltools.gnu-tools-for-stm32.10.3-2021.10.macos64_1.0.0.202111181127/tools/bin/../lib/gcc/arm-none-eabi/10.3.1/../../../../arm-none-eabi/lib/thumb/v7e-m/nofp/libc_nano.a(lib_a-nano-mallocr.o)
 .ARM.attributes
                0x0000000000000461       0x2e /Applications/STM32CubeIDE.app/Contents/Eclipse/plugins/com.st.stm32cube.ide.mcu.externaltools.gnu-tools-for-stm32.10.3-2021.10.macos64_1.0.0.202111181127/tools/bin/../lib/gcc/arm-none-eabi/10.3.1/../../../../arm-none-eabi/lib/thumb/v7e-m/nofp/libc_nano.a(lib_a-sbrkr.o)
 .ARM.attributes
                0x000000000000048f       0x2e /Applications/STM32CubeIDE.app/Contents/Eclipse/plugins/com.st.stm32cube.ide.mcu.externaltools.gnu-tools-for-stm32.10.3-2021.10.macos64_1.0.0.202111181127/tools/bin/../lib/gcc/arm-none-eabi/10.3.1/../../../../arm-none-eabi/lib/thumb/v7e-m/nofp/libc_nano.a(lib_a-stdio.o)
 .ARM.attributes
                0x00000000000004bd       0x2e /Applications/STM32CubeIDE.app/Contents/Eclipse/plugins/com.st.stm32cube.ide.mcu.externaltools.gnu-tools-for-stm32.10.3-2021.10.macos64_1.0.0.202111181127/tools/bin/../lib/gcc/arm-none-eabi/10.3.1/../../../../arm-none-eabi/lib/thumb/v7e-m/nofp/libc_nano.a(lib_a-writer.o)
 .ARM.attributes
                0x00000000000004eb       0x2e /Applications/STM32CubeIDE.app/Contents/Eclipse/plugins/com.st.stm32cube.ide.mcu.externaltools.gnu-tools-for-stm32.10.3-2021.10.macos64_1.0.0.202111181127/tools/bin/../lib/gcc/arm-none-eabi/10.3.1/../../../../arm-none-eabi/lib/thumb/v7e-m/nofp/libc_nano.a(lib_a-closer.o)
 .ARM.attributes
                0x0000000000000519       0x2e /Applications/STM32CubeIDE.app/Contents/Eclipse/plugins/com.st.stm32cube.ide.mcu.externaltools.gnu-tools-for-stm32.10.3-2021.10.macos64_1.0.0.202111181127/tools/bin/../lib/gcc/arm-none-eabi/10.3.1/../../../../arm-none-eabi/lib/thumb/v7e-m/nofp/libc_nano.a(lib_a-fstatr.o)
 .ARM.attributes
                0x0000000000000547       0x2e /Applications/STM32CubeIDE.app/Contents/Eclipse/plugins/com.st.stm32cube.ide.mcu.externaltools.gnu-tools-for-stm32.10.3-2021.10.macos64_1.0.0.202111181127/tools/bin/../lib/gcc/arm-none-eabi/10.3.1/../../../../arm-none-eabi/lib/thumb/v7e-m/nofp/libc_nano.a(lib_a-isattyr.o)
 .ARM.attributes
                0x0000000000000575       0x2e /Applications/STM32CubeIDE.app/Contents/Eclipse/plugins/com.st.stm32cube.ide.mcu.externaltools.gnu-tools-for-stm32.10.3-2021.10.macos64_1.0.0.202111181127/tools/bin/../lib/gcc/arm-none-eabi/10.3.1/../../../../arm-none-eabi/lib/thumb/v7e-m/nofp/libc_nano.a(lib_a-lseekr.o)
 .ARM.attributes
                0x00000000000005a3       0x2e /Applications/STM32CubeIDE.app/Contents/Eclipse/plugins/com.st.stm32cube.ide.mcu.externaltools.gnu-tools-for-stm32.10.3-2021.10.macos64_1.0.0.202111181127/tools/bin/../lib/gcc/arm-none-eabi/10.3.1/../../../../arm-none-eabi/lib/thumb/v7e-m/nofp/libc_nano.a(lib_a-mlock.o)
 .ARM.attributes
                0x00000000000005d1       0x2e /Applications/STM32CubeIDE.app/Contents/Eclipse/plugins/com.st.stm32cube.ide.mcu.externaltools.gnu-tools-for-stm32.10.3-2021.10.macos64_1.0.0.202111181127/tools/bin/../lib/gcc/arm-none-eabi/10.3.1/../../../../arm-none-eabi/lib/thumb/v7e-m/nofp/libc_nano.a(lib_a-readr.o)
 .ARM.attributes
                0x00000000000005ff       0x2e /Applications/STM32CubeIDE.app/Contents/Eclipse/plugins/com.st.stm32cube.ide.mcu.externaltools.gnu-tools-for-stm32.10.3-2021.10.macos64_1.0.0.202111181127/tools/bin/../lib/gcc/arm-none-eabi/10.3.1/../../../../arm-none-eabi/lib/thumb/v7e-m/nofp/libc_nano.a(lib_a-reent.o)
 .ARM.attributes
                0x000000000000062d       0x1e /Applications/STM32CubeIDE.app/Contents/Eclipse/plugins/com.st.stm32cube.ide.mcu.externaltools.gnu-tools-for-stm32.10.3-2021.10.macos64_1.0.0.202111181127/tools/bin/../lib/gcc/arm-none-eabi/10.3.1/thumb/v7e-m/nofp/crtn.o
OUTPUT(stm32f4xx_drivers.elf elf32-littlearm)
LOAD linker stubs
LOAD /Applications/STM32CubeIDE.app/Contents/Eclipse/plugins/com.st.stm32cube.ide.mcu.externaltools.gnu-tools-for-stm32.10.3-2021.10.macos64_1.0.0.202111181127/tools/bin/../lib/gcc/arm-none-eabi/10.3.1/../../../../arm-none-eabi/lib/thumb/v7e-m/nofp/libc.a
LOAD /Applications/STM32CubeIDE.app/Contents/Eclipse/plugins/com.st.stm32cube.ide.mcu.externaltools.gnu-tools-for-stm32.10.3-2021.10.macos64_1.0.0.202111181127/tools/bin/../lib/gcc/arm-none-eabi/10.3.1/../../../../arm-none-eabi/lib/thumb/v7e-m/nofp/libm.a
LOAD /Applications/STM32CubeIDE.app/Contents/Eclipse/plugins/com.st.stm32cube.ide.mcu.externaltools.gnu-tools-for-stm32.10.3-2021.10.macos64_1.0.0.202111181127/tools/bin/../lib/gcc/arm-none-eabi/10.3.1/thumb/v7e-m/nofp/libgcc.a

.debug_info     0x0000000000000000     0x2eb3
 .debug_info    0x0000000000000000      0x41d ./Src/018_RTC_LCD.o
 .debug_info    0x000000000000041d      0x70f ./Src/syscalls.o
 .debug_info    0x0000000000000b2c      0x171 ./Src/sysmem.o
 .debug_info    0x0000000000000c9d       0x22 ./Startup/startup_stm32f446retx.o
 .debug_info    0x0000000000000cbf      0x783 ./bsp/ds1307.o
 .debug_info    0x0000000000001442      0x3cf ./bsp/lcd.o
 .debug_info    0x0000000000001811      0x7c3 ./drivers/Src/stm32f446xx_gpio_driver.o
 .debug_info    0x0000000000001fd4      0xafc ./drivers/Src/stm32f446xx_i2c_driver.o
 .debug_info    0x0000000000002ad0      0x3e3 ./drivers/Src/stm32f466xx_rcc_driver.o

.debug_abbrev   0x0000000000000000      0xc75
 .debug_abbrev  0x0000000000000000      0x1c1 ./Src/018_RTC_LCD.o
 .debug_abbrev  0x00000000000001c1      0x1af ./Src/syscalls.o
 .debug_abbrev  0x0000000000000370       0xbb ./Src/sysmem.o
 .debug_abbrev  0x000000000000042b       0x12 ./Startup/startup_stm32f446retx.o
 .debug_abbrev  0x000000000000043d      0x1e4 ./bsp/ds1307.o
 .debug_abbrev  0x0000000000000621      0x1a5 ./bsp/lcd.o
 .debug_abbrev  0x00000000000007c6      0x173 ./drivers/Src/stm32f446xx_gpio_driver.o
 .debug_abbrev  0x0000000000000939      0x23c ./drivers/Src/stm32f446xx_i2c_driver.o
 .debug_abbrev  0x0000000000000b75      0x100 ./drivers/Src/stm32f466xx_rcc_driver.o

.debug_aranges  0x0000000000000000      0x3c0
 .debug_aranges
                0x0000000000000000       0x58 ./Src/018_RTC_LCD.o
 .debug_aranges
                0x0000000000000058       0xb0 ./Src/syscalls.o
 .debug_aranges
                0x0000000000000108       0x20 ./Src/sysmem.o
 .debug_aranges
                0x0000000000000128       0x28 ./Startup/startup_stm32f446retx.o
 .debug_aranges
                0x0000000000000150       0x70 ./bsp/ds1307.o
 .debug_aranges
                0x00000000000001c0       0x70 ./bsp/lcd.o
 .debug_aranges
                0x0000000000000230       0x70 ./drivers/Src/stm32f446xx_gpio_driver.o
 .debug_aranges
                0x00000000000002a0       0xf0 ./drivers/Src/stm32f446xx_i2c_driver.o
 .debug_aranges
                0x0000000000000390       0x30 ./drivers/Src/stm32f466xx_rcc_driver.o

.debug_ranges   0x0000000000000000      0x338
 .debug_ranges  0x0000000000000000       0x48 ./Src/018_RTC_LCD.o
 .debug_ranges  0x0000000000000048       0xa0 ./Src/syscalls.o
 .debug_ranges  0x00000000000000e8       0x10 ./Src/sysmem.o
 .debug_ranges  0x00000000000000f8       0x20 ./Startup/startup_stm32f446retx.o
 .debug_ranges  0x0000000000000118       0x60 ./bsp/ds1307.o
 .debug_ranges  0x0000000000000178       0x60 ./bsp/lcd.o
 .debug_ranges  0x00000000000001d8       0x60 ./drivers/Src/stm32f446xx_gpio_driver.o
 .debug_ranges  0x0000000000000238       0xe0 ./drivers/Src/stm32f446xx_i2c_driver.o
 .debug_ranges  0x0000000000000318       0x20 ./drivers/Src/stm32f466xx_rcc_driver.o

.debug_macro    0x0000000000000000     0x4176
 .debug_macro   0x0000000000000000      0x23f ./Src/018_RTC_LCD.o
 .debug_macro   0x000000000000023f      0xa78 ./Src/018_RTC_LCD.o
 .debug_macro   0x0000000000000cb7       0x22 ./Src/018_RTC_LCD.o
 .debug_macro   0x0000000000000cd9       0x4c ./Src/018_RTC_LCD.o
 .debug_macro   0x0000000000000d25       0x18 ./Src/018_RTC_LCD.o
 .debug_macro   0x0000000000000d3d       0x94 ./Src/018_RTC_LCD.o
 .debug_macro   0x0000000000000dd1       0x3c ./Src/018_RTC_LCD.o
 .debug_macro   0x0000000000000e0d       0x34 ./Src/018_RTC_LCD.o
 .debug_macro   0x0000000000000e41       0x16 ./Src/018_RTC_LCD.o
 .debug_macro   0x0000000000000e57       0x57 ./Src/018_RTC_LCD.o
 .debug_macro   0x0000000000000eae       0x97 ./Src/018_RTC_LCD.o
 .debug_macro   0x0000000000000f45      0x341 ./Src/018_RTC_LCD.o
 .debug_macro   0x0000000000001286       0xfd ./Src/018_RTC_LCD.o
 .debug_macro   0x0000000000001383       0x10 ./Src/018_RTC_LCD.o
 .debug_macro   0x0000000000001393       0x16 ./Src/018_RTC_LCD.o
 .debug_macro   0x00000000000013a9       0x43 ./Src/018_RTC_LCD.o
 .debug_macro   0x00000000000013ec       0x34 ./Src/018_RTC_LCD.o
 .debug_macro   0x0000000000001420       0x10 ./Src/018_RTC_LCD.o
 .debug_macro   0x0000000000001430       0x58 ./Src/018_RTC_LCD.o
 .debug_macro   0x0000000000001488       0x71 ./Src/018_RTC_LCD.o
 .debug_macro   0x00000000000014f9       0x1c ./Src/018_RTC_LCD.o
 .debug_macro   0x0000000000001515      0x12a ./Src/018_RTC_LCD.o
 .debug_macro   0x000000000000163f       0x10 ./Src/018_RTC_LCD.o
 .debug_macro   0x000000000000164f       0x6a ./Src/018_RTC_LCD.o
 .debug_macro   0x00000000000016b9       0x1c ./Src/018_RTC_LCD.o
 .debug_macro   0x00000000000016d5       0x52 ./Src/018_RTC_LCD.o
 .debug_macro   0x0000000000001727       0x22 ./Src/018_RTC_LCD.o
 .debug_macro   0x0000000000001749       0x10 ./Src/018_RTC_LCD.o
 .debug_macro   0x0000000000001759       0x52 ./Src/018_RTC_LCD.o
 .debug_macro   0x00000000000017ab       0xd5 ./Src/018_RTC_LCD.o
 .debug_macro   0x0000000000001880       0x1c ./Src/018_RTC_LCD.o
 .debug_macro   0x000000000000189c       0x3d ./Src/018_RTC_LCD.o
 .debug_macro   0x00000000000018d9       0x16 ./Src/018_RTC_LCD.o
 .debug_macro   0x00000000000018ef      0x145 ./Src/018_RTC_LCD.o
 .debug_macro   0x0000000000001a34      0x103 ./Src/018_RTC_LCD.o
 .debug_macro   0x0000000000001b37      0x1df ./Src/018_RTC_LCD.o
 .debug_macro   0x0000000000001d16      0xa57 ./Src/018_RTC_LCD.o
 .debug_macro   0x000000000000276d       0xc4 ./Src/018_RTC_LCD.o
 .debug_macro   0x0000000000002831       0xbe ./Src/018_RTC_LCD.o
 .debug_macro   0x00000000000028ef       0xd0 ./Src/018_RTC_LCD.o
 .debug_macro   0x00000000000029bf      0x10a ./Src/018_RTC_LCD.o
 .debug_macro   0x0000000000002ac9       0x94 ./Src/018_RTC_LCD.o
 .debug_macro   0x0000000000002b5d       0x58 ./Src/018_RTC_LCD.o
 .debug_macro   0x0000000000002bb5      0x25e ./Src/syscalls.o
 .debug_macro   0x0000000000002e13      0x174 ./Src/syscalls.o
 .debug_macro   0x0000000000002f87       0x10 ./Src/syscalls.o
 .debug_macro   0x0000000000002f97       0x35 ./Src/syscalls.o
 .debug_macro   0x0000000000002fcc       0x10 ./Src/syscalls.o
 .debug_macro   0x0000000000002fdc       0x10 ./Src/syscalls.o
 .debug_macro   0x0000000000002fec       0x35 ./Src/syscalls.o
 .debug_macro   0x0000000000003021      0x12c ./Src/syscalls.o
 .debug_macro   0x000000000000314d       0x16 ./Src/syscalls.o
 .debug_macro   0x0000000000003163       0x16 ./Src/syscalls.o
 .debug_macro   0x0000000000003179       0x29 ./Src/syscalls.o
 .debug_macro   0x00000000000031a2       0x10 ./Src/syscalls.o
 .debug_macro   0x00000000000031b2      0x241 ./Src/syscalls.o
 .debug_macro   0x00000000000033f3       0x1c ./Src/syscalls.o
 .debug_macro   0x000000000000340f       0x10 ./Src/syscalls.o
 .debug_macro   0x000000000000341f      0x189 ./Src/syscalls.o
 .debug_macro   0x00000000000035a8       0x16 ./Src/syscalls.o
 .debug_macro   0x00000000000035be       0xce ./Src/syscalls.o
 .debug_macro   0x000000000000368c       0xff ./Src/sysmem.o
 .debug_macro   0x000000000000378b      0x23b ./Src/sysmem.o
 .debug_macro   0x00000000000039c6      0x25a ./bsp/ds1307.o
 .debug_macro   0x0000000000003c20       0x16 ./bsp/ds1307.o
 .debug_macro   0x0000000000003c36       0x20 ./bsp/ds1307.o
 .debug_macro   0x0000000000003c56       0xd1 ./bsp/lcd.o
 .debug_macro   0x0000000000003d27       0x8e ./bsp/lcd.o
 .debug_macro   0x0000000000003db5       0x51 ./bsp/lcd.o
 .debug_macro   0x0000000000003e06       0x52 ./bsp/lcd.o
 .debug_macro   0x0000000000003e58       0xc2 ./drivers/Src/stm32f446xx_gpio_driver.o
 .debug_macro   0x0000000000003f1a       0xcc ./drivers/Src/stm32f446xx_i2c_driver.o
 .debug_macro   0x0000000000003fe6       0xca ./drivers/Src/stm32f446xx_i2c_driver.o
 .debug_macro   0x00000000000040b0       0xc6 ./drivers/Src/stm32f466xx_rcc_driver.o

.debug_line     0x0000000000000000     0x4416
 .debug_line    0x0000000000000000      0x8f4 ./Src/018_RTC_LCD.o
 .debug_line    0x00000000000008f4      0x85b ./Src/syscalls.o
 .debug_line    0x000000000000114f      0x51c ./Src/sysmem.o
 .debug_line    0x000000000000166b       0x84 ./Startup/startup_stm32f446retx.o
 .debug_line    0x00000000000016ef      0x8a2 ./bsp/ds1307.o
 .debug_line    0x0000000000001f91      0x6ee ./bsp/lcd.o
 .debug_line    0x000000000000267f      0xa32 ./drivers/Src/stm32f446xx_gpio_driver.o
 .debug_line    0x00000000000030b1      0xda1 ./drivers/Src/stm32f446xx_i2c_driver.o
 .debug_line    0x0000000000003e52      0x5c4 ./drivers/Src/stm32f466xx_rcc_driver.o

.debug_str      0x0000000000000000     0xdb2a
 .debug_str     0x0000000000000000     0xb91a ./Src/018_RTC_LCD.o
                                       0xbb36 (size before relaxing)
 .debug_str     0x000000000000b91a     0x17f2 ./Src/syscalls.o
                                       0x8b14 (size before relaxing)
 .debug_str     0x000000000000d10c       0x66 ./Src/sysmem.o
                                       0x5da2 (size before relaxing)
 .debug_str     0x000000000000d172       0x31 ./Startup/startup_stm32f446retx.o
                                         0xa3 (size before relaxing)
 .debug_str     0x000000000000d1a3      0x302 ./bsp/ds1307.o
                                       0xbbdc (size before relaxing)
 .debug_str     0x000000000000d4a5       0x74 ./bsp/lcd.o
                                       0x7b83 (size before relaxing)
 .debug_str     0x000000000000d519      0x2bd ./drivers/Src/stm32f446xx_gpio_driver.o
                                       0x7c57 (size before relaxing)
 .debug_str     0x000000000000d7d6      0x2b9 ./drivers/Src/stm32f446xx_i2c_driver.o
                                       0x7dcb (size before relaxing)
 .debug_str     0x000000000000da8f       0x9b ./drivers/Src/stm32f466xx_rcc_driver.o
                                       0x7a6b (size before relaxing)

.comment        0x0000000000000000       0x50
 .comment       0x0000000000000000       0x50 ./Src/018_RTC_LCD.o
                                         0x51 (size before relaxing)
 .comment       0x0000000000000050       0x51 ./Src/syscalls.o
 .comment       0x0000000000000050       0x51 ./Src/sysmem.o
 .comment       0x0000000000000050       0x51 ./bsp/ds1307.o
 .comment       0x0000000000000050       0x51 ./bsp/lcd.o
 .comment       0x0000000000000050       0x51 ./drivers/Src/stm32f446xx_gpio_driver.o
 .comment       0x0000000000000050       0x51 ./drivers/Src/stm32f446xx_i2c_driver.o
 .comment       0x0000000000000050       0x51 ./drivers/Src/stm32f466xx_rcc_driver.o

.debug_frame    0x0000000000000000     0x14b4
 .debug_frame   0x0000000000000000      0x140 ./Src/018_RTC_LCD.o
 .debug_frame   0x0000000000000140      0x2d4 ./Src/syscalls.o
 .debug_frame   0x0000000000000414       0x34 ./Src/sysmem.o
 .debug_frame   0x0000000000000448      0x19c ./bsp/ds1307.o
 .debug_frame   0x00000000000005e4      0x18c ./bsp/lcd.o
 .debug_frame   0x0000000000000770      0x1c8 ./drivers/Src/stm32f446xx_gpio_driver.o
 .debug_frame   0x0000000000000938      0x420 ./drivers/Src/stm32f446xx_i2c_driver.o
 .debug_frame   0x0000000000000d58       0x78 ./drivers/Src/stm32f466xx_rcc_driver.o
 .debug_frame   0x0000000000000dd0       0x20 /Applications/STM32CubeIDE.app/Contents/Eclipse/plugins/com.st.stm32cube.ide.mcu.externaltools.gnu-tools-for-stm32.10.3-2021.10.macos64_1.0.0.202111181127/tools/bin/../lib/gcc/arm-none-eabi/10.3.1/../../../../arm-none-eabi/lib/thumb/v7e-m/nofp/libc_nano.a(lib_a-errno.o)
 .debug_frame   0x0000000000000df0       0x2c /Applications/STM32CubeIDE.app/Contents/Eclipse/plugins/com.st.stm32cube.ide.mcu.externaltools.gnu-tools-for-stm32.10.3-2021.10.macos64_1.0.0.202111181127/tools/bin/../lib/gcc/arm-none-eabi/10.3.1/../../../../arm-none-eabi/lib/thumb/v7e-m/nofp/libc_nano.a(lib_a-init.o)
 .debug_frame   0x0000000000000e1c       0x20 /Applications/STM32CubeIDE.app/Contents/Eclipse/plugins/com.st.stm32cube.ide.mcu.externaltools.gnu-tools-for-stm32.10.3-2021.10.macos64_1.0.0.202111181127/tools/bin/../lib/gcc/arm-none-eabi/10.3.1/../../../../arm-none-eabi/lib/thumb/v7e-m/nofp/libc_nano.a(lib_a-memset.o)
 .debug_frame   0x0000000000000e3c       0x3c /Applications/STM32CubeIDE.app/Contents/Eclipse/plugins/com.st.stm32cube.ide.mcu.externaltools.gnu-tools-for-stm32.10.3-2021.10.macos64_1.0.0.202111181127/tools/bin/../lib/gcc/arm-none-eabi/10.3.1/../../../../arm-none-eabi/lib/thumb/v7e-m/nofp/libc_nano.a(lib_a-puts.o)
 .debug_frame   0x0000000000000e78       0x40 /Applications/STM32CubeIDE.app/Contents/Eclipse/plugins/com.st.stm32cube.ide.mcu.externaltools.gnu-tools-for-stm32.10.3-2021.10.macos64_1.0.0.202111181127/tools/bin/../lib/gcc/arm-none-eabi/10.3.1/../../../../arm-none-eabi/lib/thumb/v7e-m/nofp/libc_nano.a(lib_a-wbuf.o)
 .debug_frame   0x0000000000000eb8       0x2c /Applications/STM32CubeIDE.app/Contents/Eclipse/plugins/com.st.stm32cube.ide.mcu.externaltools.gnu-tools-for-stm32.10.3-2021.10.macos64_1.0.0.202111181127/tools/bin/../lib/gcc/arm-none-eabi/10.3.1/../../../../arm-none-eabi/lib/thumb/v7e-m/nofp/libc_nano.a(lib_a-wsetup.o)
 .debug_frame   0x0000000000000ee4       0x5c /Applications/STM32CubeIDE.app/Contents/Eclipse/plugins/com.st.stm32cube.ide.mcu.externaltools.gnu-tools-for-stm32.10.3-2021.10.macos64_1.0.0.202111181127/tools/bin/../lib/gcc/arm-none-eabi/10.3.1/../../../../arm-none-eabi/lib/thumb/v7e-m/nofp/libc_nano.a(lib_a-fflush.o)
 .debug_frame   0x0000000000000f40      0x14c /Applications/STM32CubeIDE.app/Contents/Eclipse/plugins/com.st.stm32cube.ide.mcu.externaltools.gnu-tools-for-stm32.10.3-2021.10.macos64_1.0.0.202111181127/tools/bin/../lib/gcc/arm-none-eabi/10.3.1/../../../../arm-none-eabi/lib/thumb/v7e-m/nofp/libc_nano.a(lib_a-findfp.o)
 .debug_frame   0x000000000000108c       0x54 /Applications/STM32CubeIDE.app/Contents/Eclipse/plugins/com.st.stm32cube.ide.mcu.externaltools.gnu-tools-for-stm32.10.3-2021.10.macos64_1.0.0.202111181127/tools/bin/../lib/gcc/arm-none-eabi/10.3.1/../../../../arm-none-eabi/lib/thumb/v7e-m/nofp/libc_nano.a(lib_a-fwalk.o)
 .debug_frame   0x00000000000010e0       0xb0 /Applications/STM32CubeIDE.app/Contents/Eclipse/plugins/com.st.stm32cube.ide.mcu.externaltools.gnu-tools-for-stm32.10.3-2021.10.macos64_1.0.0.202111181127/tools/bin/../lib/gcc/arm-none-eabi/10.3.1/../../../../arm-none-eabi/lib/thumb/v7e-m/nofp/libc_nano.a(lib_a-lock.o)
 .debug_frame   0x0000000000001190       0x58 /Applications/STM32CubeIDE.app/Contents/Eclipse/plugins/com.st.stm32cube.ide.mcu.externaltools.gnu-tools-for-stm32.10.3-2021.10.macos64_1.0.0.202111181127/tools/bin/../lib/gcc/arm-none-eabi/10.3.1/../../../../arm-none-eabi/lib/thumb/v7e-m/nofp/libc_nano.a(lib_a-makebuf.o)
 .debug_frame   0x00000000000011e8       0x38 /Applications/STM32CubeIDE.app/Contents/Eclipse/plugins/com.st.stm32cube.ide.mcu.externaltools.gnu-tools-for-stm32.10.3-2021.10.macos64_1.0.0.202111181127/tools/bin/../lib/gcc/arm-none-eabi/10.3.1/../../../../arm-none-eabi/lib/thumb/v7e-m/nofp/libc_nano.a(lib_a-nano-freer.o)
 .debug_frame   0x0000000000001220       0x4c /Applications/STM32CubeIDE.app/Contents/Eclipse/plugins/com.st.stm32cube.ide.mcu.externaltools.gnu-tools-for-stm32.10.3-2021.10.macos64_1.0.0.202111181127/tools/bin/../lib/gcc/arm-none-eabi/10.3.1/../../../../arm-none-eabi/lib/thumb/v7e-m/nofp/libc_nano.a(lib_a-nano-mallocr.o)
 .debug_frame   0x000000000000126c       0x2c /Applications/STM32CubeIDE.app/Contents/Eclipse/plugins/com.st.stm32cube.ide.mcu.externaltools.gnu-tools-for-stm32.10.3-2021.10.macos64_1.0.0.202111181127/tools/bin/../lib/gcc/arm-none-eabi/10.3.1/../../../../arm-none-eabi/lib/thumb/v7e-m/nofp/libc_nano.a(lib_a-sbrkr.o)
 .debug_frame   0x0000000000001298       0x88 /Applications/STM32CubeIDE.app/Contents/Eclipse/plugins/com.st.stm32cube.ide.mcu.externaltools.gnu-tools-for-stm32.10.3-2021.10.macos64_1.0.0.202111181127/tools/bin/../lib/gcc/arm-none-eabi/10.3.1/../../../../arm-none-eabi/lib/thumb/v7e-m/nofp/libc_nano.a(lib_a-stdio.o)
 .debug_frame   0x0000000000001320       0x2c /Applications/STM32CubeIDE.app/Contents/Eclipse/plugins/com.st.stm32cube.ide.mcu.externaltools.gnu-tools-for-stm32.10.3-2021.10.macos64_1.0.0.202111181127/tools/bin/../lib/gcc/arm-none-eabi/10.3.1/../../../../arm-none-eabi/lib/thumb/v7e-m/nofp/libc_nano.a(lib_a-writer.o)
 .debug_frame   0x000000000000134c       0x2c /Applications/STM32CubeIDE.app/Contents/Eclipse/plugins/com.st.stm32cube.ide.mcu.externaltools.gnu-tools-for-stm32.10.3-2021.10.macos64_1.0.0.202111181127/tools/bin/../lib/gcc/arm-none-eabi/10.3.1/../../../../arm-none-eabi/lib/thumb/v7e-m/nofp/libc_nano.a(lib_a-closer.o)
 .debug_frame   0x0000000000001378       0x2c /Applications/STM32CubeIDE.app/Contents/Eclipse/plugins/com.st.stm32cube.ide.mcu.externaltools.gnu-tools-for-stm32.10.3-2021.10.macos64_1.0.0.202111181127/tools/bin/../lib/gcc/arm-none-eabi/10.3.1/../../../../arm-none-eabi/lib/thumb/v7e-m/nofp/libc_nano.a(lib_a-fstatr.o)
 .debug_frame   0x00000000000013a4       0x2c /Applications/STM32CubeIDE.app/Contents/Eclipse/plugins/com.st.stm32cube.ide.mcu.externaltools.gnu-tools-for-stm32.10.3-2021.10.macos64_1.0.0.202111181127/tools/bin/../lib/gcc/arm-none-eabi/10.3.1/../../../../arm-none-eabi/lib/thumb/v7e-m/nofp/libc_nano.a(lib_a-isattyr.o)
 .debug_frame   0x00000000000013d0       0x2c /Applications/STM32CubeIDE.app/Contents/Eclipse/plugins/com.st.stm32cube.ide.mcu.externaltools.gnu-tools-for-stm32.10.3-2021.10.macos64_1.0.0.202111181127/tools/bin/../lib/gcc/arm-none-eabi/10.3.1/../../../../arm-none-eabi/lib/thumb/v7e-m/nofp/libc_nano.a(lib_a-lseekr.o)
 .debug_frame   0x00000000000013fc       0x30 /Applications/STM32CubeIDE.app/Contents/Eclipse/plugins/com.st.stm32cube.ide.mcu.externaltools.gnu-tools-for-stm32.10.3-2021.10.macos64_1.0.0.202111181127/tools/bin/../lib/gcc/arm-none-eabi/10.3.1/../../../../arm-none-eabi/lib/thumb/v7e-m/nofp/libc_nano.a(lib_a-mlock.o)
 .debug_frame   0x000000000000142c       0x2c /Applications/STM32CubeIDE.app/Contents/Eclipse/plugins/com.st.stm32cube.ide.mcu.externaltools.gnu-tools-for-stm32.10.3-2021.10.macos64_1.0.0.202111181127/tools/bin/../lib/gcc/arm-none-eabi/10.3.1/../../../../arm-none-eabi/lib/thumb/v7e-m/nofp/libc_nano.a(lib_a-readr.o)
 .debug_frame   0x0000000000001458       0x5c /Applications/STM32CubeIDE.app/Contents/Eclipse/plugins/com.st.stm32cube.ide.mcu.externaltools.gnu-tools-for-stm32.10.3-2021.10.macos64_1.0.0.202111181127/tools/bin/../lib/gcc/arm-none-eabi/10.3.1/../../../../arm-none-eabi/lib/thumb/v7e-m/nofp/libc_nano.a(lib_a-reent.o)
