../drivers/Src/stm32f446xx_spi_driver.c:36:6:SPI_PeriClockControl	16	static
../drivers/Src/stm32f446xx_spi_driver.c:93:6:SPI_Init	24	static
../drivers/Src/stm32f446xx_spi_driver.c:157:6:SPI_DeInit	16	static
../drivers/Src/stm32f446xx_spi_driver.c:192:9:SPI_GetFlagStatus	16	static
../drivers/Src/stm32f446xx_spi_driver.c:218:6:SPI_SendData	24	static
../drivers/Src/stm32f446xx_spi_driver.c:260:6:SPI_ReceiveData	24	static
../drivers/Src/stm32f446xx_spi_driver.c:300:6:SPI_PeripheralControl	16	static
../drivers/Src/stm32f446xx_spi_driver.c:326:6:SPI_SSIConfig	16	static
../drivers/Src/stm32f446xx_spi_driver.c:352:6:SPI_SSOEConfig	16	static
../drivers/Src/stm32f446xx_spi_driver.c:381:6:SPI_IRQInterruptConfig	16	static
../drivers/Src/stm32f446xx_spi_driver.c:435:6:SPI_IRQPriorityConfig	24	static
../drivers/Src/stm32f446xx_spi_driver.c:460:9:SPI_SendDataInterruptMode	32	static
../drivers/Src/stm32f446xx_spi_driver.c:496:9:SPI_ReceiveDataInterruptMode	32	static
../drivers/Src/stm32f446xx_spi_driver.c:529:6:SPI_IRQHandling	24	static
../drivers/Src/stm32f446xx_spi_driver.c:579:13:SPI_TXE_InterruptHandle	16	static
../drivers/Src/stm32f446xx_spi_driver.c:621:13:SPI_RXNE_InterruptHandle	16	static
../drivers/Src/stm32f446xx_spi_driver.c:664:13:SPI_OVR_ErrInterruptHandle	24	static
../drivers/Src/stm32f446xx_spi_driver.c:694:6:SPI_CloseTransmission	16	static
../drivers/Src/stm32f446xx_spi_driver.c:715:6:SPI_CloseReception	16	static
../drivers/Src/stm32f446xx_spi_driver.c:736:6:SPI_ClearOVRFlag	24	static
../drivers/Src/stm32f446xx_spi_driver.c:761:13:SPI_ApplicationEventCallback	16	static
