../bsp/ds1307.c:34:9:DS1307_Init	16	static
../bsp/ds1307.c:70:6:DS1307_SetCurrentTime	24	static
../bsp/ds1307.c:109:6:DS1307_GetCurrentTime	24	static
../bsp/ds1307.c:145:6:DS1307_SetCurrentDate	16	static
../bsp/ds1307.c:167:6:DS1307_GetCurrentDate	16	static
../bsp/ds1307.c:186:13:DS1307_I2C_PinConfig	24	static
../bsp/ds1307.c:223:13:DS1307_I2C_Config	8	static
../bsp/ds1307.c:246:13:DS1307_Write	32	static
../bsp/ds1307.c:268:16:DS1307_Read	32	static
../bsp/ds1307.c:291:16:BinaryToBcd	24	static
../bsp/ds1307.c:322:16:BcdToBinary	24	static
